2025-11-23T09:04:06.424313+03:00 yusuf-ABRA-A5 kernel: rfkill: input handler disabled
2025-11-23T09:04:06.462418+03:00 yusuf-ABRA-A5 kernel: Generic FE-GE Realtek PHY r8169-0-400:00: attached PHY driver (mii_bus:phy_addr=r8169-0-400:00, irq=MAC)
2025-11-23T09:04:06.627301+03:00 yusuf-ABRA-A5 kernel: r8169 0000:04:00.0 enp4s0: Link is Down
2025-11-23T09:04:06.853310+03:00 yusuf-ABRA-A5 kernel: Bluetooth: hci0: Waiting for firmware download to complete
2025-11-23T09:04:06.853318+03:00 yusuf-ABRA-A5 kernel: Bluetooth: hci0: Firmware loaded in 1691236 usecs
2025-11-23T09:04:06.853320+03:00 yusuf-ABRA-A5 kernel: Bluetooth: hci0: Waiting for device to boot
2025-11-23T09:04:06.868320+03:00 yusuf-ABRA-A5 kernel: Bluetooth: hci0: Device booted in 14626 usecs
2025-11-23T09:04:06.869321+03:00 yusuf-ABRA-A5 kernel: Bluetooth: hci0: Found Intel DDC parameters: intel/ibt-19-0-4.ddc
2025-11-23T09:04:06.870324+03:00 yusuf-ABRA-A5 kernel: Bluetooth: hci0: Applying Intel DDC parameters completed
2025-11-23T09:04:06.871318+03:00 yusuf-ABRA-A5 kernel: Bluetooth: hci0: Firmware revision 0.4 build 249 week 27 2023
2025-11-23T09:04:06.873314+03:00 yusuf-ABRA-A5 kernel: Bluetooth: hci0: HCI LE Coded PHY feature bit is set, but its usage is not supported.
2025-11-23T09:04:06.938322+03:00 yusuf-ABRA-A5 kernel: Bluetooth: MGMT ver 1.22
2025-11-23T09:04:09.495303+03:00 yusuf-ABRA-A5 kernel: wlo1: authenticate with 94:90:10:03:5d:ec (local address=c8:58:c0:26:78:84)
2025-11-23T09:04:09.496310+03:00 yusuf-ABRA-A5 kernel: wlo1: send auth to 94:90:10:03:5d:ec (try 1/3)
2025-11-23T09:04:09.525344+03:00 yusuf-ABRA-A5 kernel: wlo1: authenticated
2025-11-23T09:04:09.525359+03:00 yusuf-ABRA-A5 kernel: wlo1: associate with 94:90:10:03:5d:ec (try 1/3)
2025-11-23T09:04:09.528306+03:00 yusuf-ABRA-A5 kernel: wlo1: RX AssocResp from 94:90:10:03:5d:ec (capab=0x1531 status=0 aid=2)
2025-11-23T09:04:09.536315+03:00 yusuf-ABRA-A5 kernel: wlo1: associated
2025-11-23T09:04:09.605301+03:00 yusuf-ABRA-A5 kernel: wlo1: Limiting TX power to 19 (19 - 0) dBm as advertised by 94:90:10:03:5d:ec
2025-11-23T23:11:31.900723+03:00 yusuf-ABRA-A5 kernel: [UFW BLOCK] IN=wlo1 OUT= MAC=c8:58:c0:26:78:84:94:90:10:03:5d:e7:08:00 SRC=169.197.150.7 DST=192.168.1.103 LEN=91 TOS=0x00 PREC=0x00 TTL=56 ID=13296 DF PROTO=TCP SPT=443 DPT=41060 WINDOW=11 RES=0x00 ACK PSH URGP=0 
2025-11-23T23:50:17.313978+03:00 yusuf-ABRA-A5 kernel: wlo1: deauthenticating from 94:90:10:03:5d:ec by local choice (Reason: 3=DEAUTH_LEAVING)
2025-11-23T23:50:21.110544+03:00 yusuf-ABRA-A5 kernel: rfkill: input handler enabled
2025-11-23T23:50:21.814542+03:00 yusuf-ABRA-A5 kernel: PM: suspend entry (deep)
2025-11-23T23:50:22.742606+03:00 yusuf-ABRA-A5 kernel: Filesystems sync: 0.928 seconds
2025-11-24T11:46:40.073549+03:00 yusuf-ABRA-A5 kernel: Freezing user space processes
2025-11-24T11:46:40.074147+03:00 yusuf-ABRA-A5 kernel: Freezing user space processes completed (elapsed 0.002 seconds)
2025-11-24T11:46:40.074155+03:00 yusuf-ABRA-A5 kernel: OOM killer disabled.
2025-11-24T11:46:40.074157+03:00 yusuf-ABRA-A5 kernel: Freezing remaining freezable tasks
2025-11-24T11:46:40.074158+03:00 yusuf-ABRA-A5 kernel: Freezing remaining freezable tasks completed (elapsed 0.001 seconds)
2025-11-24T11:46:40.074158+03:00 yusuf-ABRA-A5 kernel: printk: Suspending console(s) (use no_console_suspend to debug)
2025-11-24T11:46:40.074159+03:00 yusuf-ABRA-A5 kernel: ACPI: EC: interrupt blocked
2025-11-24T11:46:40.074160+03:00 yusuf-ABRA-A5 kernel: ACPI: PM: Preparing to enter system sleep state S3
2025-11-24T11:46:40.074160+03:00 yusuf-ABRA-A5 kernel: ACPI: EC: event blocked
2025-11-24T11:46:40.074161+03:00 yusuf-ABRA-A5 kernel: ACPI: EC: EC stopped
2025-11-24T11:46:40.074161+03:00 yusuf-ABRA-A5 kernel: ACPI: PM: Saving platform NVS memory
2025-11-24T11:46:40.074162+03:00 yusuf-ABRA-A5 kernel: Disabling non-boot CPUs ...
2025-11-24T11:46:40.074163+03:00 yusuf-ABRA-A5 kernel: smpboot: CPU 1 is now offline
2025-11-24T11:46:40.074163+03:00 yusuf-ABRA-A5 kernel: smpboot: CPU 2 is now offline
2025-11-24T11:46:40.074164+03:00 yusuf-ABRA-A5 kernel: smpboot: CPU 3 is now offline
2025-11-24T11:46:40.074165+03:00 yusuf-ABRA-A5 kernel: smpboot: CPU 4 is now offline
2025-11-24T11:46:40.074166+03:00 yusuf-ABRA-A5 kernel: smpboot: CPU 5 is now offline
2025-11-24T11:46:40.074167+03:00 yusuf-ABRA-A5 kernel: smpboot: CPU 6 is now offline
2025-11-24T11:46:40.074167+03:00 yusuf-ABRA-A5 kernel: smpboot: CPU 7 is now offline
2025-11-24T11:46:40.074168+03:00 yusuf-ABRA-A5 kernel: ACPI: PM: Low-level resume complete
2025-11-24T11:46:40.074169+03:00 yusuf-ABRA-A5 kernel: ACPI: EC: EC started
2025-11-24T11:46:40.074169+03:00 yusuf-ABRA-A5 kernel: ACPI: PM: Restoring platform NVS memory
2025-11-24T11:46:40.074170+03:00 yusuf-ABRA-A5 kernel: Enabling non-boot CPUs ...
2025-11-24T11:46:40.074170+03:00 yusuf-ABRA-A5 kernel: smpboot: Booting Node 0 Processor 1 APIC 0x2
2025-11-24T11:46:40.074171+03:00 yusuf-ABRA-A5 kernel: CPU1 is up
2025-11-24T11:46:40.074172+03:00 yusuf-ABRA-A5 kernel: smpboot: Booting Node 0 Processor 2 APIC 0x4
2025-11-24T11:46:40.074173+03:00 yusuf-ABRA-A5 kernel: CPU2 is up
2025-11-24T11:46:40.074173+03:00 yusuf-ABRA-A5 kernel: smpboot: Booting Node 0 Processor 3 APIC 0x6
2025-11-24T11:46:40.074174+03:00 yusuf-ABRA-A5 kernel: CPU3 is up
2025-11-24T11:46:40.074174+03:00 yusuf-ABRA-A5 kernel: smpboot: Booting Node 0 Processor 4 APIC 0x1
2025-11-24T11:46:40.074175+03:00 yusuf-ABRA-A5 kernel: CPU4 is up
2025-11-24T11:46:40.074324+03:00 yusuf-ABRA-A5 kernel: smpboot: Booting Node 0 Processor 5 APIC 0x3
2025-11-24T11:46:40.074327+03:00 yusuf-ABRA-A5 kernel: CPU5 is up
2025-11-24T11:46:40.074328+03:00 yusuf-ABRA-A5 kernel: smpboot: Booting Node 0 Processor 6 APIC 0x5
2025-11-24T11:46:40.074329+03:00 yusuf-ABRA-A5 kernel: CPU6 is up
2025-11-24T11:46:40.074329+03:00 yusuf-ABRA-A5 kernel: smpboot: Booting Node 0 Processor 7 APIC 0x7
2025-11-24T11:46:40.074330+03:00 yusuf-ABRA-A5 kernel: CPU7 is up
2025-11-24T11:46:40.074331+03:00 yusuf-ABRA-A5 kernel: ACPI: PM: Waking up from system sleep state S3
2025-11-24T11:46:40.074331+03:00 yusuf-ABRA-A5 kernel: ACPI: EC: interrupt unblocked
2025-11-24T11:46:40.074332+03:00 yusuf-ABRA-A5 kernel: ACPI: EC: event unblocked
2025-11-24T11:46:40.074332+03:00 yusuf-ABRA-A5 kernel: iwlwifi 0000:00:14.3: RF_KILL bit toggled to enable radio.
2025-11-24T11:46:40.074451+03:00 yusuf-ABRA-A5 kernel: i915 0000:00:02.0: [drm] [ENCODER:94:DDI A/PHY A] is disabled/in DSI mode with an ungated DDI clock, gate it
2025-11-24T11:46:40.074454+03:00 yusuf-ABRA-A5 kernel: nvme nvme0: Shutdown timeout set to 8 seconds
2025-11-24T11:46:40.074456+03:00 yusuf-ABRA-A5 kernel: nvme nvme0: 8/0/0 default/read/poll queues
2025-11-24T11:46:40.074456+03:00 yusuf-ABRA-A5 kernel: r8169 0000:04:00.0 enp4s0: Link is Down
2025-11-24T11:46:40.074457+03:00 yusuf-ABRA-A5 kernel: usb 1-13: reset high-speed USB device number 5 using xhci_hcd
2025-11-24T11:46:40.074457+03:00 yusuf-ABRA-A5 kernel: ata1: SATA link down (SStatus 4 SControl 300)
2025-11-24T11:46:40.075268+03:00 yusuf-ABRA-A5 kernel: usb 1-14: reset full-speed USB device number 6 using xhci_hcd
2025-11-24T11:46:40.075335+03:00 yusuf-ABRA-A5 kernel: usb 1-2: reset high-speed USB device number 2 using xhci_hcd
2025-11-24T11:46:40.075338+03:00 yusuf-ABRA-A5 kernel: OOM killer enabled.
2025-11-24T11:46:40.075338+03:00 yusuf-ABRA-A5 kernel: Restarting tasks ... 
2025-11-24T11:46:40.075339+03:00 yusuf-ABRA-A5 kernel: mei_hdcp 0000:00:16.0-b638ab7e-94e2-4ea2-a552-d1c54b627f04: bound 0000:00:02.0 (ops i915_hdcp_ops [i915])
2025-11-24T11:46:40.078327+03:00 yusuf-ABRA-A5 kernel: Bluetooth: hci0: Bootloader revision 0.4 build 0 week 30 2018
2025-11-24T11:46:40.078340+03:00 yusuf-ABRA-A5 kernel: Bluetooth: hci0: Device revision is 2
2025-11-24T11:46:40.078341+03:00 yusuf-ABRA-A5 kernel: Bluetooth: hci0: Secure boot is enabled
2025-11-24T11:46:40.078342+03:00 yusuf-ABRA-A5 kernel: Bluetooth: hci0: OTP lock is enabled
2025-11-24T11:46:40.078342+03:00 yusuf-ABRA-A5 kernel: Bluetooth: hci0: API lock is enabled
2025-11-24T11:46:40.078344+03:00 yusuf-ABRA-A5 kernel: Bluetooth: hci0: Debug lock is disabled
2025-11-24T11:46:40.078345+03:00 yusuf-ABRA-A5 kernel: Bluetooth: hci0: Minimum firmware build 1 week 10 2014
2025-11-24T11:46:40.078346+03:00 yusuf-ABRA-A5 kernel: done.
2025-11-24T11:46:40.078346+03:00 yusuf-ABRA-A5 kernel: random: crng reseeded on system resumption
2025-11-24T11:46:40.086986+03:00 yusuf-ABRA-A5 kernel: Bluetooth: hci0: Found device firmware: intel/ibt-19-0-4.sfi
2025-11-24T11:46:40.087014+03:00 yusuf-ABRA-A5 kernel: Bluetooth: hci0: Boot Address: 0x24800
2025-11-24T11:46:40.087015+03:00 yusuf-ABRA-A5 kernel: Bluetooth: hci0: Firmware Version: 249-27.23
2025-11-24T11:46:40.108689+03:00 yusuf-ABRA-A5 kernel: PM: suspend exit
2025-11-24T11:46:40.108711+03:00 yusuf-ABRA-A5 kernel: thermal thermal_zone3: failed to read out thermal zone (-61)
2025-11-24T11:46:41.343060+03:00 yusuf-ABRA-A5 kernel: rfkill: input handler disabled
2025-11-24T11:46:41.379109+03:00 yusuf-ABRA-A5 kernel: Generic FE-GE Realtek PHY r8169-0-400:00: attached PHY driver (mii_bus:phy_addr=r8169-0-400:00, irq=MAC)
2025-11-24T11:46:41.545633+03:00 yusuf-ABRA-A5 kernel: r8169 0000:04:00.0 enp4s0: Link is Down
2025-11-24T11:46:41.830976+03:00 yusuf-ABRA-A5 kernel: Bluetooth: hci0: Waiting for firmware download to complete
2025-11-24T11:46:41.831953+03:00 yusuf-ABRA-A5 kernel: Bluetooth: hci0: Firmware loaded in 1709249 usecs
2025-11-24T11:46:41.831958+03:00 yusuf-ABRA-A5 kernel: Bluetooth: hci0: Waiting for device to boot
2025-11-24T11:46:41.847027+03:00 yusuf-ABRA-A5 kernel: Bluetooth: hci0: Device booted in 14650 usecs
2025-11-24T11:46:41.847038+03:00 yusuf-ABRA-A5 kernel: Bluetooth: hci0: Found Intel DDC parameters: intel/ibt-19-0-4.ddc
2025-11-24T11:46:41.848951+03:00 yusuf-ABRA-A5 kernel: Bluetooth: hci0: Applying Intel DDC parameters completed
2025-11-24T11:46:41.849952+03:00 yusuf-ABRA-A5 kernel: Bluetooth: hci0: Firmware revision 0.4 build 249 week 27 2023
2025-11-24T11:46:41.851993+03:00 yusuf-ABRA-A5 kernel: Bluetooth: hci0: HCI LE Coded PHY feature bit is set, but its usage is not supported.
2025-11-24T11:46:41.916950+03:00 yusuf-ABRA-A5 kernel: Bluetooth: MGMT ver 1.22
2025-11-24T11:46:44.623956+03:00 yusuf-ABRA-A5 kernel: wlo1: authenticate with 94:90:10:03:5d:ec (local address=c8:58:c0:26:78:84)
2025-11-24T11:46:44.624955+03:00 yusuf-ABRA-A5 kernel: wlo1: send auth to 94:90:10:03:5d:ec (try 1/3)
2025-11-24T11:46:44.652957+03:00 yusuf-ABRA-A5 kernel: wlo1: authenticated
2025-11-24T11:46:44.652969+03:00 yusuf-ABRA-A5 kernel: wlo1: associate with 94:90:10:03:5d:ec (try 1/3)
2025-11-24T11:46:44.655959+03:00 yusuf-ABRA-A5 kernel: wlo1: RX AssocResp from 94:90:10:03:5d:ec (capab=0x1531 status=0 aid=2)
2025-11-24T11:46:44.664002+03:00 yusuf-ABRA-A5 kernel: wlo1: associated
2025-11-24T11:46:44.740974+03:00 yusuf-ABRA-A5 kernel: wlo1: Limiting TX power to 19 (19 - 0) dBm as advertised by 94:90:10:03:5d:ec
2025-11-24T12:51:15.537994+03:00 yusuf-ABRA-A5 kernel: wlo1: deauthenticating from 94:90:10:03:5d:ec by local choice (Reason: 3=DEAUTH_LEAVING)
2025-11-24T12:51:16.741005+03:00 yusuf-ABRA-A5 kernel: rfkill: input handler enabled
2025-11-24T12:51:17.454019+03:00 yusuf-ABRA-A5 kernel: PM: suspend entry (deep)
2025-11-24T12:51:17.582009+03:00 yusuf-ABRA-A5 kernel: Filesystems sync: 0.127 seconds
2025-11-24T13:57:52.070782+03:00 yusuf-ABRA-A5 kernel: Freezing user space processes
2025-11-24T13:57:52.070838+03:00 yusuf-ABRA-A5 kernel: Freezing user space processes completed (elapsed 0.002 seconds)
2025-11-24T13:57:52.070840+03:00 yusuf-ABRA-A5 kernel: OOM killer disabled.
2025-11-24T13:57:52.070841+03:00 yusuf-ABRA-A5 kernel: Freezing remaining freezable tasks
2025-11-24T13:57:52.070842+03:00 yusuf-ABRA-A5 kernel: Freezing remaining freezable tasks completed (elapsed 0.001 seconds)
2025-11-24T13:57:52.070842+03:00 yusuf-ABRA-A5 kernel: printk: Suspending console(s) (use no_console_suspend to debug)
2025-11-24T13:57:52.070843+03:00 yusuf-ABRA-A5 kernel: ACPI: EC: interrupt blocked
2025-11-24T13:57:52.070844+03:00 yusuf-ABRA-A5 kernel: ACPI: PM: Preparing to enter system sleep state S3
2025-11-24T13:57:52.070845+03:00 yusuf-ABRA-A5 kernel: ACPI: EC: event blocked
2025-11-24T13:57:52.070846+03:00 yusuf-ABRA-A5 kernel: ACPI: EC: EC stopped
2025-11-24T13:57:52.070846+03:00 yusuf-ABRA-A5 kernel: ACPI: PM: Saving platform NVS memory
2025-11-24T13:57:52.070847+03:00 yusuf-ABRA-A5 kernel: Disabling non-boot CPUs ...
2025-11-24T13:57:52.070848+03:00 yusuf-ABRA-A5 kernel: smpboot: CPU 1 is now offline
2025-11-24T13:57:52.070849+03:00 yusuf-ABRA-A5 kernel: smpboot: CPU 2 is now offline
2025-11-24T13:57:52.070850+03:00 yusuf-ABRA-A5 kernel: smpboot: CPU 3 is now offline
2025-11-24T13:57:52.070851+03:00 yusuf-ABRA-A5 kernel: smpboot: CPU 4 is now offline
2025-11-24T13:57:52.070852+03:00 yusuf-ABRA-A5 kernel: smpboot: CPU 5 is now offline
2025-11-24T13:57:52.070852+03:00 yusuf-ABRA-A5 kernel: smpboot: CPU 6 is now offline
2025-11-24T13:57:52.070853+03:00 yusuf-ABRA-A5 kernel: smpboot: CPU 7 is now offline
2025-11-24T13:57:52.070854+03:00 yusuf-ABRA-A5 kernel: ACPI: PM: Low-level resume complete
2025-11-24T13:57:52.070855+03:00 yusuf-ABRA-A5 kernel: ACPI: EC: EC started
2025-11-24T13:57:52.070855+03:00 yusuf-ABRA-A5 kernel: ACPI: PM: Restoring platform NVS memory
2025-11-24T13:57:52.070870+03:00 yusuf-ABRA-A5 kernel: Enabling non-boot CPUs ...
2025-11-24T13:57:52.070872+03:00 yusuf-ABRA-A5 kernel: smpboot: Booting Node 0 Processor 1 APIC 0x2
2025-11-24T13:57:52.070872+03:00 yusuf-ABRA-A5 kernel: CPU1 is up
2025-11-24T13:57:52.070873+03:00 yusuf-ABRA-A5 kernel: smpboot: Booting Node 0 Processor 2 APIC 0x4
2025-11-24T13:57:52.070874+03:00 yusuf-ABRA-A5 kernel: CPU2 is up
2025-11-24T13:57:52.070875+03:00 yusuf-ABRA-A5 kernel: smpboot: Booting Node 0 Processor 3 APIC 0x6
2025-11-24T13:57:52.070875+03:00 yusuf-ABRA-A5 kernel: CPU3 is up
2025-11-24T13:57:52.070876+03:00 yusuf-ABRA-A5 kernel: smpboot: Booting Node 0 Processor 4 APIC 0x1
2025-11-24T13:57:52.070877+03:00 yusuf-ABRA-A5 kernel: CPU4 is up
2025-11-24T13:57:52.070878+03:00 yusuf-ABRA-A5 kernel: smpboot: Booting Node 0 Processor 5 APIC 0x3
2025-11-24T13:57:52.070878+03:00 yusuf-ABRA-A5 kernel: CPU5 is up
2025-11-24T13:57:52.070879+03:00 yusuf-ABRA-A5 kernel: smpboot: Booting Node 0 Processor 6 APIC 0x5
2025-11-24T13:57:52.070880+03:00 yusuf-ABRA-A5 kernel: CPU6 is up
2025-11-24T13:57:52.070880+03:00 yusuf-ABRA-A5 kernel: smpboot: Booting Node 0 Processor 7 APIC 0x7
2025-11-24T13:57:52.070881+03:00 yusuf-ABRA-A5 kernel: CPU7 is up
2025-11-24T13:57:52.070882+03:00 yusuf-ABRA-A5 kernel: ACPI: PM: Waking up from system sleep state S3
2025-11-24T13:57:52.070883+03:00 yusuf-ABRA-A5 kernel: ACPI: EC: interrupt unblocked
2025-11-24T13:57:52.070883+03:00 yusuf-ABRA-A5 kernel: ACPI: EC: event unblocked
2025-11-24T13:57:52.070884+03:00 yusuf-ABRA-A5 kernel: iwlwifi 0000:00:14.3: RF_KILL bit toggled to enable radio.
2025-11-24T13:57:52.070885+03:00 yusuf-ABRA-A5 kernel: i915 0000:00:02.0: [drm] [ENCODER:94:DDI A/PHY A] is disabled/in DSI mode with an ungated DDI clock, gate it
2025-11-24T13:57:52.070886+03:00 yusuf-ABRA-A5 kernel: nvme nvme0: Shutdown timeout set to 8 seconds
2025-11-24T13:57:52.070887+03:00 yusuf-ABRA-A5 kernel: nvme nvme0: 8/0/0 default/read/poll queues
2025-11-24T13:57:52.070887+03:00 yusuf-ABRA-A5 kernel: r8169 0000:04:00.0 enp4s0: Link is Down
2025-11-24T13:57:52.070888+03:00 yusuf-ABRA-A5 kernel: usb 1-2: reset high-speed USB device number 2 using xhci_hcd
2025-11-24T13:57:52.070889+03:00 yusuf-ABRA-A5 kernel: ata1: SATA link down (SStatus 4 SControl 300)
2025-11-24T13:57:52.070889+03:00 yusuf-ABRA-A5 kernel: usb 1-13: reset high-speed USB device number 5 using xhci_hcd
2025-11-24T13:57:52.070890+03:00 yusuf-ABRA-A5 kernel: usb 1-14: reset full-speed USB device number 6 using xhci_hcd
2025-11-24T13:57:52.070891+03:00 yusuf-ABRA-A5 kernel: OOM killer enabled.
2025-11-24T13:57:52.070891+03:00 yusuf-ABRA-A5 kernel: Restarting tasks ... 
2025-11-24T13:57:52.070892+03:00 yusuf-ABRA-A5 kernel: mei_hdcp 0000:00:16.0-b638ab7e-94e2-4ea2-a552-d1c54b627f04: bound 0000:00:02.0 (ops i915_hdcp_ops [i915])
2025-11-24T13:57:52.082304+03:00 yusuf-ABRA-A5 kernel: Bluetooth: hci0: Bootloader revision 0.4 build 0 week 30 2018
2025-11-24T13:57:52.082314+03:00 yusuf-ABRA-A5 kernel: Bluetooth: hci0: Device revision is 2
2025-11-24T13:57:52.082316+03:00 yusuf-ABRA-A5 kernel: Bluetooth: hci0: Secure boot is enabled
2025-11-24T13:57:52.082324+03:00 yusuf-ABRA-A5 kernel: Bluetooth: hci0: OTP lock is enabled
2025-11-24T13:57:52.082325+03:00 yusuf-ABRA-A5 kernel: Bluetooth: hci0: API lock is enabled
2025-11-24T13:57:52.082326+03:00 yusuf-ABRA-A5 kernel: Bluetooth: hci0: Debug lock is disabled
2025-11-24T13:57:52.082332+03:00 yusuf-ABRA-A5 kernel: Bluetooth: hci0: Minimum firmware build 1 week 10 2014
2025-11-24T13:57:52.082333+03:00 yusuf-ABRA-A5 kernel: done.
2025-11-24T13:57:52.082333+03:00 yusuf-ABRA-A5 kernel: random: crng reseeded on system resumption
2025-11-24T13:57:52.082334+03:00 yusuf-ABRA-A5 kernel: Bluetooth: hci0: Found device firmware: intel/ibt-19-0-4.sfi
2025-11-24T13:57:52.082335+03:00 yusuf-ABRA-A5 kernel: Bluetooth: hci0: Boot Address: 0x24800
2025-11-24T13:57:52.082335+03:00 yusuf-ABRA-A5 kernel: Bluetooth: hci0: Firmware Version: 249-27.23
2025-11-24T13:57:52.100417+03:00 yusuf-ABRA-A5 kernel: PM: suspend exit
2025-11-24T13:57:52.101437+03:00 yusuf-ABRA-A5 kernel: thermal thermal_zone3: failed to read out thermal zone (-61)
2025-11-24T13:57:53.314468+03:00 yusuf-ABRA-A5 kernel: rfkill: input handler disabled
2025-11-24T13:57:53.346413+03:00 yusuf-ABRA-A5 kernel: Generic FE-GE Realtek PHY r8169-0-400:00: attached PHY driver (mii_bus:phy_addr=r8169-0-400:00, irq=MAC)
2025-11-24T13:57:53.513494+03:00 yusuf-ABRA-A5 kernel: r8169 0000:04:00.0 enp4s0: Link is Down
2025-11-24T13:57:53.750713+03:00 yusuf-ABRA-A5 kernel: Bluetooth: hci0: Waiting for firmware download to complete
2025-11-24T13:57:53.750722+03:00 yusuf-ABRA-A5 kernel: Bluetooth: hci0: Firmware loaded in 1630216 usecs
2025-11-24T13:57:53.750722+03:00 yusuf-ABRA-A5 kernel: Bluetooth: hci0: Waiting for device to boot
2025-11-24T13:57:53.766553+03:00 yusuf-ABRA-A5 kernel: Bluetooth: hci0: Device booted in 14975 usecs
2025-11-24T13:57:53.766564+03:00 yusuf-ABRA-A5 kernel: Bluetooth: hci0: Found Intel DDC parameters: intel/ibt-19-0-4.ddc
2025-11-24T13:57:53.768465+03:00 yusuf-ABRA-A5 kernel: Bluetooth: hci0: Applying Intel DDC parameters completed
2025-11-24T13:57:53.768476+03:00 yusuf-ABRA-A5 kernel: Bluetooth: hci0: Firmware revision 0.4 build 249 week 27 2023
2025-11-24T13:57:53.771486+03:00 yusuf-ABRA-A5 kernel: Bluetooth: hci0: HCI LE Coded PHY feature bit is set, but its usage is not supported.
2025-11-24T13:57:53.838463+03:00 yusuf-ABRA-A5 kernel: Bluetooth: MGMT ver 1.22
2025-11-24T13:57:56.915424+03:00 yusuf-ABRA-A5 kernel: wlo1: authenticate with 94:90:10:03:5d:ec (local address=c8:58:c0:26:78:84)
2025-11-24T13:57:56.916398+03:00 yusuf-ABRA-A5 kernel: wlo1: send auth to 94:90:10:03:5d:ec (try 1/3)
2025-11-24T13:57:56.945402+03:00 yusuf-ABRA-A5 kernel: wlo1: authenticated
2025-11-24T13:57:56.945410+03:00 yusuf-ABRA-A5 kernel: wlo1: associate with 94:90:10:03:5d:ec (try 1/3)
2025-11-24T13:57:56.948404+03:00 yusuf-ABRA-A5 kernel: wlo1: RX AssocResp from 94:90:10:03:5d:ec (capab=0x1531 status=0 aid=2)
2025-11-24T13:57:56.962432+03:00 yusuf-ABRA-A5 kernel: wlo1: associated
2025-11-24T13:57:57.025482+03:00 yusuf-ABRA-A5 kernel: wlo1: Limiting TX power to 19 (19 - 0) dBm as advertised by 94:90:10:03:5d:ec
2025-11-24T21:50:01.816145+03:00 yusuf-ABRA-A5 kernel: wlo1: deauthenticating from 94:90:10:03:5d:ec by local choice (Reason: 3=DEAUTH_LEAVING)
2025-11-24T21:50:02.968048+03:00 yusuf-ABRA-A5 kernel: rfkill: input handler enabled
2025-11-24T21:50:03.651042+03:00 yusuf-ABRA-A5 kernel: PM: suspend entry (deep)
2025-11-24T21:50:03.845047+03:00 yusuf-ABRA-A5 kernel: Filesystems sync: 0.194 seconds
2025-11-25T07:50:45.037695+03:00 yusuf-ABRA-A5 kernel: Freezing user space processes
2025-11-25T07:50:45.038216+03:00 yusuf-ABRA-A5 kernel: Freezing user space processes completed (elapsed 0.002 seconds)
2025-11-25T07:50:45.038220+03:00 yusuf-ABRA-A5 kernel: OOM killer disabled.
2025-11-25T07:50:45.038222+03:00 yusuf-ABRA-A5 kernel: Freezing remaining freezable tasks
2025-11-25T07:50:45.038223+03:00 yusuf-ABRA-A5 kernel: Freezing remaining freezable tasks completed (elapsed 0.001 seconds)
2025-11-25T07:50:45.038224+03:00 yusuf-ABRA-A5 kernel: printk: Suspending console(s) (use no_console_suspend to debug)
2025-11-25T07:50:45.038224+03:00 yusuf-ABRA-A5 kernel: ACPI: EC: interrupt blocked
2025-11-25T07:50:45.038225+03:00 yusuf-ABRA-A5 kernel: ACPI: PM: Preparing to enter system sleep state S3
2025-11-25T07:50:45.038226+03:00 yusuf-ABRA-A5 kernel: ACPI: EC: event blocked
2025-11-25T07:50:45.038226+03:00 yusuf-ABRA-A5 kernel: ACPI: EC: EC stopped
2025-11-25T07:50:45.038227+03:00 yusuf-ABRA-A5 kernel: ACPI: PM: Saving platform NVS memory
2025-11-25T07:50:45.038228+03:00 yusuf-ABRA-A5 kernel: Disabling non-boot CPUs ...
2025-11-25T07:50:45.038229+03:00 yusuf-ABRA-A5 kernel: smpboot: CPU 1 is now offline
2025-11-25T07:50:45.038230+03:00 yusuf-ABRA-A5 kernel: smpboot: CPU 2 is now offline
2025-11-25T07:50:45.038231+03:00 yusuf-ABRA-A5 kernel: smpboot: CPU 3 is now offline
2025-11-25T07:50:45.038231+03:00 yusuf-ABRA-A5 kernel: smpboot: CPU 4 is now offline
2025-11-25T07:50:45.038232+03:00 yusuf-ABRA-A5 kernel: smpboot: CPU 5 is now offline
2025-11-25T07:50:45.038234+03:00 yusuf-ABRA-A5 kernel: smpboot: CPU 6 is now offline
2025-11-25T07:50:45.038234+03:00 yusuf-ABRA-A5 kernel: smpboot: CPU 7 is now offline
2025-11-25T07:50:45.038235+03:00 yusuf-ABRA-A5 kernel: ACPI: PM: Low-level resume complete
2025-11-25T07:50:45.038236+03:00 yusuf-ABRA-A5 kernel: ACPI: EC: EC started
2025-11-25T07:50:45.038237+03:00 yusuf-ABRA-A5 kernel: ACPI: PM: Restoring platform NVS memory
2025-11-25T07:50:45.038237+03:00 yusuf-ABRA-A5 kernel: Enabling non-boot CPUs ...
2025-11-25T07:50:45.038238+03:00 yusuf-ABRA-A5 kernel: smpboot: Booting Node 0 Processor 1 APIC 0x2
2025-11-25T07:50:45.038239+03:00 yusuf-ABRA-A5 kernel: CPU1 is up
2025-11-25T07:50:45.038239+03:00 yusuf-ABRA-A5 kernel: smpboot: Booting Node 0 Processor 2 APIC 0x4
2025-11-25T07:50:45.038240+03:00 yusuf-ABRA-A5 kernel: CPU2 is up
2025-11-25T07:50:45.038241+03:00 yusuf-ABRA-A5 kernel: smpboot: Booting Node 0 Processor 3 APIC 0x6
2025-11-25T07:50:45.038241+03:00 yusuf-ABRA-A5 kernel: CPU3 is up
2025-11-25T07:50:45.038242+03:00 yusuf-ABRA-A5 kernel: smpboot: Booting Node 0 Processor 4 APIC 0x1
2025-11-25T07:50:45.038243+03:00 yusuf-ABRA-A5 kernel: CPU4 is up
2025-11-25T07:50:45.038244+03:00 yusuf-ABRA-A5 kernel: smpboot: Booting Node 0 Processor 5 APIC 0x3
2025-11-25T07:50:45.038245+03:00 yusuf-ABRA-A5 kernel: CPU5 is up
2025-11-25T07:50:45.038245+03:00 yusuf-ABRA-A5 kernel: smpboot: Booting Node 0 Processor 6 APIC 0x5
2025-11-25T07:50:45.038246+03:00 yusuf-ABRA-A5 kernel: CPU6 is up
2025-11-25T07:50:45.038247+03:00 yusuf-ABRA-A5 kernel: smpboot: Booting Node 0 Processor 7 APIC 0x7
2025-11-25T07:50:45.038248+03:00 yusuf-ABRA-A5 kernel: CPU7 is up
2025-11-25T07:50:45.038248+03:00 yusuf-ABRA-A5 kernel: ACPI: PM: Waking up from system sleep state S3
2025-11-25T07:50:45.038249+03:00 yusuf-ABRA-A5 kernel: ACPI: EC: interrupt unblocked
2025-11-25T07:50:45.038250+03:00 yusuf-ABRA-A5 kernel: ACPI: EC: event unblocked
2025-11-25T07:50:45.038251+03:00 yusuf-ABRA-A5 kernel: iwlwifi 0000:00:14.3: RF_KILL bit toggled to enable radio.
2025-11-25T07:50:45.038252+03:00 yusuf-ABRA-A5 kernel: i915 0000:00:02.0: [drm] [ENCODER:94:DDI A/PHY A] is disabled/in DSI mode with an ungated DDI clock, gate it
2025-11-25T07:50:45.038253+03:00 yusuf-ABRA-A5 kernel: nvme nvme0: Shutdown timeout set to 8 seconds
2025-11-25T07:50:45.038253+03:00 yusuf-ABRA-A5 kernel: nvme nvme0: 8/0/0 default/read/poll queues
2025-11-25T07:50:45.038554+03:00 yusuf-ABRA-A5 kernel: r8169 0000:04:00.0 enp4s0: Link is Down
2025-11-25T07:50:45.038556+03:00 yusuf-ABRA-A5 kernel: usb 1-14: reset full-speed USB device number 6 using xhci_hcd
2025-11-25T07:50:45.038556+03:00 yusuf-ABRA-A5 kernel: ata1: SATA link down (SStatus 4 SControl 300)
2025-11-25T07:50:45.038557+03:00 yusuf-ABRA-A5 kernel: usb 1-13: reset high-speed USB device number 5 using xhci_hcd
2025-11-25T07:50:45.038558+03:00 yusuf-ABRA-A5 kernel: usb 1-2: reset high-speed USB device number 2 using xhci_hcd
2025-11-25T07:50:45.038558+03:00 yusuf-ABRA-A5 kernel: mei_hdcp 0000:00:16.0-b638ab7e-94e2-4ea2-a552-d1c54b627f04: bound 0000:00:02.0 (ops i915_hdcp_ops [i915])
2025-11-25T07:50:45.038559+03:00 yusuf-ABRA-A5 kernel: OOM killer enabled.
2025-11-25T07:50:45.041620+03:00 yusuf-ABRA-A5 kernel: Restarting tasks ... 
2025-11-25T07:50:45.041635+03:00 yusuf-ABRA-A5 kernel: Bluetooth: hci0: Bootloader revision 0.4 build 0 week 30 2018
2025-11-25T07:50:45.041636+03:00 yusuf-ABRA-A5 kernel: Bluetooth: hci0: Device revision is 2
2025-11-25T07:50:45.041637+03:00 yusuf-ABRA-A5 kernel: Bluetooth: hci0: Secure boot is enabled
2025-11-25T07:50:45.041638+03:00 yusuf-ABRA-A5 kernel: Bluetooth: hci0: OTP lock is enabled
2025-11-25T07:50:45.041638+03:00 yusuf-ABRA-A5 kernel: Bluetooth: hci0: API lock is enabled
2025-11-25T07:50:45.041639+03:00 yusuf-ABRA-A5 kernel: Bluetooth: hci0: Debug lock is disabled
2025-11-25T07:50:45.041640+03:00 yusuf-ABRA-A5 kernel: Bluetooth: hci0: Minimum firmware build 1 week 10 2014
2025-11-25T07:50:45.043042+03:00 yusuf-ABRA-A5 kernel: done.
2025-11-25T07:50:45.043056+03:00 yusuf-ABRA-A5 kernel: random: crng reseeded on system resumption
2025-11-25T07:50:45.047532+03:00 yusuf-ABRA-A5 kernel: Bluetooth: hci0: Found device firmware: intel/ibt-19-0-4.sfi
2025-11-25T07:50:45.047548+03:00 yusuf-ABRA-A5 kernel: Bluetooth: hci0: Boot Address: 0x24800
2025-11-25T07:50:45.047549+03:00 yusuf-ABRA-A5 kernel: Bluetooth: hci0: Firmware Version: 249-27.23
2025-11-25T07:50:45.080171+03:00 yusuf-ABRA-A5 kernel: PM: suspend exit
2025-11-25T07:50:45.080186+03:00 yusuf-ABRA-A5 kernel: thermal thermal_zone3: failed to read out thermal zone (-61)
2025-11-25T07:50:46.527055+03:00 yusuf-ABRA-A5 kernel: Generic FE-GE Realtek PHY r8169-0-400:00: attached PHY driver (mii_bus:phy_addr=r8169-0-400:00, irq=MAC)
2025-11-25T07:50:46.535036+03:00 yusuf-ABRA-A5 kernel: rfkill: input handler disabled
2025-11-25T07:50:46.693006+03:00 yusuf-ABRA-A5 kernel: r8169 0000:04:00.0 enp4s0: Link is Down
2025-11-25T07:50:46.738006+03:00 yusuf-ABRA-A5 kernel: Bluetooth: hci0: Failed to send firmware data (-38)
2025-11-25T07:50:46.738023+03:00 yusuf-ABRA-A5 kernel: Bluetooth: hci0: Intel reset sent to retry FW download
2025-11-25T07:50:46.743379+03:00 yusuf-ABRA-A5 kernel: usb 1-14: USB disconnect, device number 6
2025-11-25T07:50:46.892032+03:00 yusuf-ABRA-A5 kernel: Bluetooth: hci0: sending frame failed (-19)
2025-11-25T07:50:46.892044+03:00 yusuf-ABRA-A5 kernel: Bluetooth: hci0: Reading supported features failed (-19)
2025-11-25T07:50:46.892045+03:00 yusuf-ABRA-A5 kernel: Bluetooth: hci0: Error reading debug features
2025-11-25T07:50:46.892046+03:00 yusuf-ABRA-A5 kernel: Bluetooth: hci0: HCI LE Coded PHY feature bit is set, but its usage is not supported.
2025-11-25T07:50:46.892047+03:00 yusuf-ABRA-A5 kernel: Bluetooth: hci0: sending frame failed (-19)
2025-11-25T07:50:46.892048+03:00 yusuf-ABRA-A5 kernel: Bluetooth: hci0: Failed to read MSFT supported features (-19)
2025-11-25T07:50:47.131000+03:00 yusuf-ABRA-A5 kernel: usb 1-14: new full-speed USB device number 7 using xhci_hcd
2025-11-25T07:50:47.259054+03:00 yusuf-ABRA-A5 kernel: usb 1-14: New USB device found, idVendor=8087, idProduct=0026, bcdDevice= 0.02
2025-11-25T07:50:47.259072+03:00 yusuf-ABRA-A5 kernel: usb 1-14: New USB device strings: Mfr=0, Product=0, SerialNumber=0
2025-11-25T07:50:47.262008+03:00 yusuf-ABRA-A5 kernel: Bluetooth: hci0: Bootloader revision 0.4 build 0 week 30 2018
2025-11-25T07:50:47.266790+03:00 yusuf-ABRA-A5 kernel: Bluetooth: hci0: Device revision is 2
2025-11-25T07:50:47.266807+03:00 yusuf-ABRA-A5 kernel: Bluetooth: hci0: Secure boot is enabled
2025-11-25T07:50:47.266808+03:00 yusuf-ABRA-A5 kernel: Bluetooth: hci0: OTP lock is enabled
2025-11-25T07:50:47.266809+03:00 yusuf-ABRA-A5 kernel: Bluetooth: hci0: API lock is enabled
2025-11-25T07:50:47.266811+03:00 yusuf-ABRA-A5 kernel: Bluetooth: hci0: Debug lock is disabled
2025-11-25T07:50:47.266812+03:00 yusuf-ABRA-A5 kernel: Bluetooth: hci0: Minimum firmware build 1 week 10 2014
2025-11-25T07:50:47.266813+03:00 yusuf-ABRA-A5 kernel: Bluetooth: hci0: Found device firmware: intel/ibt-19-0-4.sfi
2025-11-25T07:50:47.266814+03:00 yusuf-ABRA-A5 kernel: Bluetooth: hci0: Boot Address: 0x24800
2025-11-25T07:50:47.266814+03:00 yusuf-ABRA-A5 kernel: Bluetooth: hci0: Firmware Version: 249-27.23
2025-11-25T07:50:47.822005+03:00 yusuf-ABRA-A5 kernel: [UFW BLOCK] IN=wg0 OUT= MAC= SRC=10.8.0.4 DST=239.255.255.250 LEN=635 TOS=0x00 PREC=0x00 TTL=1 ID=47958 DF PROTO=UDP SPT=45897 DPT=3702 LEN=615 
2025-11-25T07:50:47.822022+03:00 yusuf-ABRA-A5 kernel: [UFW BLOCK] IN=docker0 OUT= MAC= SRC=172.17.0.1 DST=239.255.255.250 LEN=635 TOS=0x00 PREC=0x00 TTL=1 ID=57367 DF PROTO=UDP SPT=55594 DPT=3702 LEN=615 
2025-11-25T07:50:49.043015+03:00 yusuf-ABRA-A5 kernel: Bluetooth: hci0: Waiting for firmware download to complete
2025-11-25T07:50:49.043032+03:00 yusuf-ABRA-A5 kernel: Bluetooth: hci0: Firmware loaded in 1734256 usecs
2025-11-25T07:50:49.043034+03:00 yusuf-ABRA-A5 kernel: Bluetooth: hci0: Waiting for device to boot
2025-11-25T07:50:49.058008+03:00 yusuf-ABRA-A5 kernel: Bluetooth: hci0: Device booted in 14660 usecs
2025-11-25T07:50:49.058024+03:00 yusuf-ABRA-A5 kernel: Bluetooth: hci0: Found Intel DDC parameters: intel/ibt-19-0-4.ddc
2025-11-25T07:50:49.060009+03:00 yusuf-ABRA-A5 kernel: Bluetooth: hci0: Applying Intel DDC parameters completed
2025-11-25T07:50:49.060999+03:00 yusuf-ABRA-A5 kernel: Bluetooth: hci0: Firmware revision 0.4 build 249 week 27 2023
2025-11-25T07:50:49.063002+03:00 yusuf-ABRA-A5 kernel: Bluetooth: hci0: HCI LE Coded PHY feature bit is set, but its usage is not supported.
2025-11-25T07:50:49.128009+03:00 yusuf-ABRA-A5 kernel: Bluetooth: MGMT ver 1.22
2025-11-25T07:50:49.897079+03:00 yusuf-ABRA-A5 kernel: wlo1: authenticate with 94:90:10:03:5d:ec (local address=c8:58:c0:26:78:84)
2025-11-25T07:50:49.898020+03:00 yusuf-ABRA-A5 kernel: wlo1: send auth to 94:90:10:03:5d:ec (try 1/3)
2025-11-25T07:50:49.926004+03:00 yusuf-ABRA-A5 kernel: wlo1: authenticated
2025-11-25T07:50:49.927238+03:00 yusuf-ABRA-A5 kernel: wlo1: associate with 94:90:10:03:5d:ec (try 1/3)
2025-11-25T07:50:49.929001+03:00 yusuf-ABRA-A5 kernel: wlo1: RX AssocResp from 94:90:10:03:5d:ec (capab=0x1531 status=0 aid=4)
2025-11-25T07:50:49.937011+03:00 yusuf-ABRA-A5 kernel: wlo1: associated
2025-11-25T07:50:49.977631+03:00 yusuf-ABRA-A5 kernel: wlo1: Limiting TX power to 19 (19 - 0) dBm as advertised by 94:90:10:03:5d:ec
2025-11-25T10:11:24.196010+03:00 yusuf-ABRA-A5 kernel: rfkill: input handler enabled
2025-11-25T10:11:24.412008+03:00 yusuf-ABRA-A5 kernel: show_signal: 128 callbacks suppressed
2025-11-25T10:11:24.412021+03:00 yusuf-ABRA-A5 kernel: traps: mullvad-gui[6104] trap int3 ip:5c9a959580de sp:7ffdcd545690 error:0 in mullvad-gui[5c9a911c1000+8ea9000]
2025-11-25T13:00:34.907523+03:00 yusuf-ABRA-A5 kernel: Linux version 6.8.0-87-generic (buildd@lcy02-amd64-034) (x86_64-linux-gnu-gcc-13 (Ubuntu 13.3.0-6ubuntu2~24.04) 13.3.0, GNU ld (GNU Binutils for Ubuntu) 2.42) #88-Ubuntu SMP PREEMPT_DYNAMIC Sat Oct 11 09:28:41 UTC 2025 (Ubuntu 6.8.0-87.88-generic 6.8.12)
2025-11-25T13:00:34.907530+03:00 yusuf-ABRA-A5 kernel: Command line: BOOT_IMAGE=/boot/vmlinuz-6.8.0-87-generic root=UUID=3f2c5fdc-44aa-4787-8a88-0285c2edfc24 ro quiet splash vt.handoff=7
2025-11-25T13:00:34.907531+03:00 yusuf-ABRA-A5 kernel: KERNEL supported cpus:
2025-11-25T13:00:34.907532+03:00 yusuf-ABRA-A5 kernel:   Intel GenuineIntel
2025-11-25T13:00:34.907533+03:00 yusuf-ABRA-A5 kernel:   AMD AuthenticAMD
2025-11-25T13:00:34.907533+03:00 yusuf-ABRA-A5 kernel:   Hygon HygonGenuine
2025-11-25T13:00:34.907534+03:00 yusuf-ABRA-A5 kernel:   Centaur CentaurHauls
2025-11-25T13:00:34.907536+03:00 yusuf-ABRA-A5 kernel:   zhaoxin   Shanghai  
2025-11-25T13:00:34.907537+03:00 yusuf-ABRA-A5 kernel: BIOS-provided physical RAM map:
2025-11-25T13:00:34.907538+03:00 yusuf-ABRA-A5 kernel: BIOS-e820: [mem 0x0000000000000000-0x000000000009dfff] usable
2025-11-25T13:00:34.907539+03:00 yusuf-ABRA-A5 kernel: BIOS-e820: [mem 0x000000000009e000-0x000000000009efff] reserved
2025-11-25T13:00:34.907539+03:00 yusuf-ABRA-A5 kernel: BIOS-e820: [mem 0x000000000009f000-0x000000000009ffff] usable
2025-11-25T13:00:34.907540+03:00 yusuf-ABRA-A5 kernel: BIOS-e820: [mem 0x00000000000a0000-0x00000000000fffff] reserved
2025-11-25T13:00:34.907542+03:00 yusuf-ABRA-A5 kernel: BIOS-e820: [mem 0x0000000000100000-0x00000000976c6fff] usable
2025-11-25T13:00:34.907543+03:00 yusuf-ABRA-A5 kernel: BIOS-e820: [mem 0x00000000976c7000-0x0000000098f06fff] reserved
2025-11-25T13:00:34.907543+03:00 yusuf-ABRA-A5 kernel: BIOS-e820: [mem 0x0000000098f07000-0x0000000099036fff] ACPI data
2025-11-25T13:00:34.907544+03:00 yusuf-ABRA-A5 kernel: BIOS-e820: [mem 0x0000000099037000-0x00000000991b7fff] ACPI NVS
2025-11-25T13:00:34.907545+03:00 yusuf-ABRA-A5 kernel: BIOS-e820: [mem 0x00000000991b8000-0x0000000099c4dfff] reserved
2025-11-25T13:00:34.907545+03:00 yusuf-ABRA-A5 kernel: BIOS-e820: [mem 0x0000000099c4e000-0x0000000099c4efff] usable
2025-11-25T13:00:34.907546+03:00 yusuf-ABRA-A5 kernel: BIOS-e820: [mem 0x0000000099c4f000-0x000000009f7fffff] reserved
2025-11-25T13:00:34.907548+03:00 yusuf-ABRA-A5 kernel: BIOS-e820: [mem 0x00000000e0000000-0x00000000efffffff] reserved
2025-11-25T13:00:34.907549+03:00 yusuf-ABRA-A5 kernel: BIOS-e820: [mem 0x00000000fe000000-0x00000000fe010fff] reserved
2025-11-25T13:00:34.907549+03:00 yusuf-ABRA-A5 kernel: BIOS-e820: [mem 0x00000000fec00000-0x00000000fec00fff] reserved
2025-11-25T13:00:34.907550+03:00 yusuf-ABRA-A5 kernel: BIOS-e820: [mem 0x00000000fed00000-0x00000000fed03fff] reserved
2025-11-25T13:00:34.907550+03:00 yusuf-ABRA-A5 kernel: BIOS-e820: [mem 0x00000000fee00000-0x00000000fee00fff] reserved
2025-11-25T13:00:34.907551+03:00 yusuf-ABRA-A5 kernel: BIOS-e820: [mem 0x00000000ff000000-0x00000000ffffffff] reserved
2025-11-25T13:00:34.907553+03:00 yusuf-ABRA-A5 kernel: BIOS-e820: [mem 0x0000000100000000-0x000000045e7fffff] usable
2025-11-25T13:00:34.907554+03:00 yusuf-ABRA-A5 kernel: NX (Execute Disable) protection: active
2025-11-25T13:00:34.907555+03:00 yusuf-ABRA-A5 kernel: APIC: Static calls initialized
2025-11-25T13:00:34.907555+03:00 yusuf-ABRA-A5 kernel: e820: update [mem 0x8e748018-0x8e757057] usable ==> usable
2025-11-25T13:00:34.907556+03:00 yusuf-ABRA-A5 kernel: e820: update [mem 0x8e748018-0x8e757057] usable ==> usable
2025-11-25T13:00:34.907558+03:00 yusuf-ABRA-A5 kernel: extended physical RAM map:
2025-11-25T13:00:34.907560+03:00 yusuf-ABRA-A5 kernel: reserve setup_data: [mem 0x0000000000000000-0x000000000009dfff] usable
2025-11-25T13:00:34.907561+03:00 yusuf-ABRA-A5 kernel: reserve setup_data: [mem 0x000000000009e000-0x000000000009efff] reserved
2025-11-25T13:00:34.907561+03:00 yusuf-ABRA-A5 kernel: reserve setup_data: [mem 0x000000000009f000-0x000000000009ffff] usable
2025-11-25T13:00:34.907562+03:00 yusuf-ABRA-A5 kernel: reserve setup_data: [mem 0x00000000000a0000-0x00000000000fffff] reserved
2025-11-25T13:00:34.907563+03:00 yusuf-ABRA-A5 kernel: reserve setup_data: [mem 0x0000000000100000-0x000000008e748017] usable
2025-11-25T13:00:34.907563+03:00 yusuf-ABRA-A5 kernel: reserve setup_data: [mem 0x000000008e748018-0x000000008e757057] usable
2025-11-25T13:00:34.907564+03:00 yusuf-ABRA-A5 kernel: reserve setup_data: [mem 0x000000008e757058-0x00000000976c6fff] usable
2025-11-25T13:00:34.907566+03:00 yusuf-ABRA-A5 kernel: reserve setup_data: [mem 0x00000000976c7000-0x0000000098f06fff] reserved
2025-11-25T13:00:34.907567+03:00 yusuf-ABRA-A5 kernel: reserve setup_data: [mem 0x0000000098f07000-0x0000000099036fff] ACPI data
2025-11-25T13:00:34.907567+03:00 yusuf-ABRA-A5 kernel: reserve setup_data: [mem 0x0000000099037000-0x00000000991b7fff] ACPI NVS
2025-11-25T13:00:34.907568+03:00 yusuf-ABRA-A5 kernel: reserve setup_data: [mem 0x00000000991b8000-0x0000000099c4dfff] reserved
2025-11-25T13:00:34.907569+03:00 yusuf-ABRA-A5 kernel: reserve setup_data: [mem 0x0000000099c4e000-0x0000000099c4efff] usable
2025-11-25T13:00:34.907569+03:00 yusuf-ABRA-A5 kernel: reserve setup_data: [mem 0x0000000099c4f000-0x000000009f7fffff] reserved
2025-11-25T13:00:34.907571+03:00 yusuf-ABRA-A5 kernel: reserve setup_data: [mem 0x00000000e0000000-0x00000000efffffff] reserved
2025-11-25T13:00:34.907572+03:00 yusuf-ABRA-A5 kernel: reserve setup_data: [mem 0x00000000fe000000-0x00000000fe010fff] reserved
2025-11-25T13:00:34.907572+03:00 yusuf-ABRA-A5 kernel: reserve setup_data: [mem 0x00000000fec00000-0x00000000fec00fff] reserved
2025-11-25T13:00:34.907573+03:00 yusuf-ABRA-A5 kernel: reserve setup_data: [mem 0x00000000fed00000-0x00000000fed03fff] reserved
2025-11-25T13:00:34.907574+03:00 yusuf-ABRA-A5 kernel: reserve setup_data: [mem 0x00000000fee00000-0x00000000fee00fff] reserved
2025-11-25T13:00:34.907574+03:00 yusuf-ABRA-A5 kernel: reserve setup_data: [mem 0x00000000ff000000-0x00000000ffffffff] reserved
2025-11-25T13:00:34.907575+03:00 yusuf-ABRA-A5 kernel: reserve setup_data: [mem 0x0000000100000000-0x000000045e7fffff] usable
2025-11-25T13:00:34.907577+03:00 yusuf-ABRA-A5 kernel: efi: EFI v2.7 by American Megatrends
2025-11-25T13:00:34.907578+03:00 yusuf-ABRA-A5 kernel: efi: ACPI=0x990ce000 ACPI 2.0=0x990ce014 TPMFinalLog=0x990d5000 SMBIOS=0x99689000 SMBIOS 3.0=0x99688000 MEMATTR=0x8e876418 ESRT=0x90e0f398 MOKvar=0x996b9000 INITRD=0x8e873698 RNG=0x98fd3018 TPMEventLog=0x98fc7018 
2025-11-25T13:00:34.907578+03:00 yusuf-ABRA-A5 kernel: random: crng init done
2025-11-25T13:00:34.907579+03:00 yusuf-ABRA-A5 kernel: efi: Remove mem290: MMIO range=[0xe0000000-0xefffffff] (256MB) from e820 map
2025-11-25T13:00:34.907579+03:00 yusuf-ABRA-A5 kernel: e820: remove [mem 0xe0000000-0xefffffff] reserved
2025-11-25T13:00:34.907580+03:00 yusuf-ABRA-A5 kernel: efi: Not removing mem291: MMIO range=[0xfe000000-0xfe010fff] (68KB) from e820 map
2025-11-25T13:00:34.907584+03:00 yusuf-ABRA-A5 kernel: efi: Not removing mem292: MMIO range=[0xfec00000-0xfec00fff] (4KB) from e820 map
2025-11-25T13:00:34.907585+03:00 yusuf-ABRA-A5 kernel: efi: Not removing mem293: MMIO range=[0xfed00000-0xfed03fff] (16KB) from e820 map
2025-11-25T13:00:34.907586+03:00 yusuf-ABRA-A5 kernel: efi: Not removing mem294: MMIO range=[0xfee00000-0xfee00fff] (4KB) from e820 map
2025-11-25T13:00:34.907586+03:00 yusuf-ABRA-A5 kernel: efi: Remove mem295: MMIO range=[0xff000000-0xffffffff] (16MB) from e820 map
2025-11-25T13:00:34.907587+03:00 yusuf-ABRA-A5 kernel: e820: remove [mem 0xff000000-0xffffffff] reserved
2025-11-25T13:00:34.907587+03:00 yusuf-ABRA-A5 kernel: secureboot: Secure boot disabled
2025-11-25T13:00:34.907590+03:00 yusuf-ABRA-A5 kernel: SMBIOS 3.2.0 present.
2025-11-25T13:00:34.907590+03:00 yusuf-ABRA-A5 kernel: DMI: MONSTER ABRA A5 V15.5/ABRA A5 V15.5, BIOS N.1.04 05/25/2020
2025-11-25T13:00:34.907591+03:00 yusuf-ABRA-A5 kernel: tsc: Detected 2500.000 MHz processor
2025-11-25T13:00:34.907591+03:00 yusuf-ABRA-A5 kernel: tsc: Detected 2499.952 MHz TSC
2025-11-25T13:00:34.907592+03:00 yusuf-ABRA-A5 kernel: e820: update [mem 0x00000000-0x00000fff] usable ==> reserved
2025-11-25T13:00:34.907592+03:00 yusuf-ABRA-A5 kernel: e820: remove [mem 0x000a0000-0x000fffff] usable
2025-11-25T13:00:34.907594+03:00 yusuf-ABRA-A5 kernel: last_pfn = 0x45e800 max_arch_pfn = 0x400000000
2025-11-25T13:00:34.907595+03:00 yusuf-ABRA-A5 kernel: MTRR map: 5 entries (3 fixed + 2 variable; max 23), built from 10 variable MTRRs
2025-11-25T13:00:34.907596+03:00 yusuf-ABRA-A5 kernel: x86/PAT: Configuration [0-7]: WB  WC  UC- UC  WB  WP  UC- WT  
2025-11-25T13:00:34.907596+03:00 yusuf-ABRA-A5 kernel: last_pfn = 0x99c4f max_arch_pfn = 0x400000000
2025-11-25T13:00:34.907597+03:00 yusuf-ABRA-A5 kernel: esrt: Reserving ESRT space from 0x0000000090e0f398 to 0x0000000090e0f3d0.
2025-11-25T13:00:34.907598+03:00 yusuf-ABRA-A5 kernel: e820: update [mem 0x90e0f000-0x90e0ffff] usable ==> reserved
2025-11-25T13:00:34.907598+03:00 yusuf-ABRA-A5 kernel: Using GB pages for direct mapping
2025-11-25T13:00:34.907600+03:00 yusuf-ABRA-A5 kernel: secureboot: Secure boot disabled
2025-11-25T13:00:34.907601+03:00 yusuf-ABRA-A5 kernel: RAMDISK: [mem 0x70ea0000-0x7aa83fff]
2025-11-25T13:00:34.907602+03:00 yusuf-ABRA-A5 kernel: ACPI: Early table checksum verification disabled
2025-11-25T13:00:34.907602+03:00 yusuf-ABRA-A5 kernel: ACPI: RSDP 0x00000000990CE014 000024 (v02 ALASKA)
2025-11-25T13:00:34.907603+03:00 yusuf-ABRA-A5 kernel: ACPI: XSDT 0x00000000990CD728 0000D4 (v01 ALASKA A M I    01072009 AMI  01000013)
2025-11-25T13:00:34.907603+03:00 yusuf-ABRA-A5 kernel: ACPI: FACP 0x0000000099030000 000114 (v06 ALASKA A M I    01072009 AMI  00010013)
2025-11-25T13:00:34.907606+03:00 yusuf-ABRA-A5 kernel: ACPI: DSDT 0x0000000098FF0000 03F62F (v02 ALASKA A M I    01072009 INTL 20160527)
2025-11-25T13:00:34.907606+03:00 yusuf-ABRA-A5 kernel: ACPI: FACS 0x00000000991B7000 000040
2025-11-25T13:00:34.907607+03:00 yusuf-ABRA-A5 kernel: ACPI: MCFG 0x0000000099034000 00003C (v01 ALASKA A M I    01072009 MSFT 00000097)
2025-11-25T13:00:34.907608+03:00 yusuf-ABRA-A5 kernel: ACPI: SSDT 0x0000000099031000 002087 (v02 CpuRef CpuSsdt  00003000 INTL 20160527)
2025-11-25T13:00:34.907608+03:00 yusuf-ABRA-A5 kernel: ACPI: FIDT 0x0000000098FEF000 00009C (v01 ALASKA A M I    01072009 AMI  00010013)
2025-11-25T13:00:34.907609+03:00 yusuf-ABRA-A5 kernel: ACPI: SSDT 0x0000000098FEB000 0031DA (v02 SaSsdt SaSsdt   00003000 INTL 20160527)
2025-11-25T13:00:34.907610+03:00 yusuf-ABRA-A5 kernel: ACPI: SSDT 0x0000000098FE8000 0027EE (v02 Intel  PegSsdt  00001000 INTL 20160527)
2025-11-25T13:00:34.907612+03:00 yusuf-ABRA-A5 kernel: ACPI: HPET 0x0000000099036000 000038 (v01 ALASKA A M I    01072009 AMI  01000013)
2025-11-25T13:00:34.907613+03:00 yusuf-ABRA-A5 kernel: ACPI: SSDT 0x0000000099035000 000E3D (v02 ALASKA Ther_Rvp 00001000 INTL 20160527)
2025-11-25T13:00:34.907613+03:00 yusuf-ABRA-A5 kernel: ACPI: SSDT 0x0000000098FE4000 0031CA (v02 INTEL  xh_cfhd4 00000000 INTL 20160527)
2025-11-25T13:00:34.907614+03:00 yusuf-ABRA-A5 kernel: ACPI: NHLT 0x0000000098FE2000 001821 (v00 ALASKA A M I    01072009 AMI  01000013)
2025-11-25T13:00:34.907614+03:00 yusuf-ABRA-A5 kernel: ACPI: SSDT 0x0000000098FE1000 0006BB (v02 Intel  PerfTune 00001000 INTL 20160527)
2025-11-25T13:00:34.907615+03:00 yusuf-ABRA-A5 kernel: ACPI: LPIT 0x0000000098FE0000 000094 (v01 ALASKA A M I    01072009 AMI  01000013)
2025-11-25T13:00:34.907617+03:00 yusuf-ABRA-A5 kernel: ACPI: DBGP 0x0000000098FDE000 000034 (v01 ALASKA A M I    01072009 AMI  01000013)
2025-11-25T13:00:34.907686+03:00 yusuf-ABRA-A5 kernel: ACPI: DBG2 0x0000000098FDD000 000054 (v00 ALASKA A M I    01072009 AMI  01000013)
2025-11-25T13:00:34.907688+03:00 yusuf-ABRA-A5 kernel: ACPI: SSDT 0x0000000098FDB000 0000AE (v02 SgRef  SgPeg    00001000 INTL 20160527)
2025-11-25T13:00:34.907688+03:00 yusuf-ABRA-A5 kernel: ACPI: BGRT 0x0000000098FDA000 000038 (v01 ALASKA A M I    01072009 AMI  00010013)
2025-11-25T13:00:34.907689+03:00 yusuf-ABRA-A5 kernel: ACPI: TPM2 0x0000000098FD9000 00004C (v04 ALASKA A M I    00000001 AMI  00000000)
2025-11-25T13:00:34.907689+03:00 yusuf-ABRA-A5 kernel: ACPI: DMAR 0x0000000098FDC000 0000A8 (v01 INTEL  EDK2     00000002      01000013)
2025-11-25T13:00:34.907692+03:00 yusuf-ABRA-A5 kernel: ACPI: SSDT 0x0000000098FD6000 0021E6 (v01 OptRf1 Opt1Tabl 00001000 INTL 20160527)
2025-11-25T13:00:34.907693+03:00 yusuf-ABRA-A5 kernel: ACPI: WSMT 0x0000000098FDF000 000028 (v01 ALASKA A M I    01072009 AMI  00010013)
2025-11-25T13:00:34.907694+03:00 yusuf-ABRA-A5 kernel: ACPI: APIC 0x0000000098FD5000 0000BC (v04 ALASKA A M I    01072009 AMI  00010013)
2025-11-25T13:00:34.907695+03:00 yusuf-ABRA-A5 kernel: ACPI: FPDT 0x0000000098FD4000 000044 (v01 ALASKA CML      01072009 AMI  01000013)
2025-11-25T13:00:34.907695+03:00 yusuf-ABRA-A5 kernel: ACPI: Reserving FACP table memory at [mem 0x99030000-0x99030113]
2025-11-25T13:00:34.907696+03:00 yusuf-ABRA-A5 kernel: ACPI: Reserving DSDT table memory at [mem 0x98ff0000-0x9902f62e]
2025-11-25T13:00:34.907696+03:00 yusuf-ABRA-A5 kernel: ACPI: Reserving FACS table memory at [mem 0x991b7000-0x991b703f]
2025-11-25T13:00:34.907698+03:00 yusuf-ABRA-A5 kernel: ACPI: Reserving MCFG table memory at [mem 0x99034000-0x9903403b]
2025-11-25T13:00:34.907699+03:00 yusuf-ABRA-A5 kernel: ACPI: Reserving SSDT table memory at [mem 0x99031000-0x99033086]
2025-11-25T13:00:34.907700+03:00 yusuf-ABRA-A5 kernel: ACPI: Reserving FIDT table memory at [mem 0x98fef000-0x98fef09b]
2025-11-25T13:00:34.907700+03:00 yusuf-ABRA-A5 kernel: ACPI: Reserving SSDT table memory at [mem 0x98feb000-0x98fee1d9]
2025-11-25T13:00:34.907701+03:00 yusuf-ABRA-A5 kernel: ACPI: Reserving SSDT table memory at [mem 0x98fe8000-0x98fea7ed]
2025-11-25T13:00:34.907701+03:00 yusuf-ABRA-A5 kernel: ACPI: Reserving HPET table memory at [mem 0x99036000-0x99036037]
2025-11-25T13:00:34.907703+03:00 yusuf-ABRA-A5 kernel: ACPI: Reserving SSDT table memory at [mem 0x99035000-0x99035e3c]
2025-11-25T13:00:34.907704+03:00 yusuf-ABRA-A5 kernel: ACPI: Reserving SSDT table memory at [mem 0x98fe4000-0x98fe71c9]
2025-11-25T13:00:34.907705+03:00 yusuf-ABRA-A5 kernel: ACPI: Reserving NHLT table memory at [mem 0x98fe2000-0x98fe3820]
2025-11-25T13:00:34.907705+03:00 yusuf-ABRA-A5 kernel: ACPI: Reserving SSDT table memory at [mem 0x98fe1000-0x98fe16ba]
2025-11-25T13:00:34.907706+03:00 yusuf-ABRA-A5 kernel: ACPI: Reserving LPIT table memory at [mem 0x98fe0000-0x98fe0093]
2025-11-25T13:00:34.907706+03:00 yusuf-ABRA-A5 kernel: ACPI: Reserving DBGP table memory at [mem 0x98fde000-0x98fde033]
2025-11-25T13:00:34.907707+03:00 yusuf-ABRA-A5 kernel: ACPI: Reserving DBG2 table memory at [mem 0x98fdd000-0x98fdd053]
2025-11-25T13:00:34.907709+03:00 yusuf-ABRA-A5 kernel: ACPI: Reserving SSDT table memory at [mem 0x98fdb000-0x98fdb0ad]
2025-11-25T13:00:34.907710+03:00 yusuf-ABRA-A5 kernel: ACPI: Reserving BGRT table memory at [mem 0x98fda000-0x98fda037]
2025-11-25T13:00:34.907711+03:00 yusuf-ABRA-A5 kernel: ACPI: Reserving TPM2 table memory at [mem 0x98fd9000-0x98fd904b]
2025-11-25T13:00:34.907711+03:00 yusuf-ABRA-A5 kernel: ACPI: Reserving DMAR table memory at [mem 0x98fdc000-0x98fdc0a7]
2025-11-25T13:00:34.907712+03:00 yusuf-ABRA-A5 kernel: ACPI: Reserving SSDT table memory at [mem 0x98fd6000-0x98fd81e5]
2025-11-25T13:00:34.907713+03:00 yusuf-ABRA-A5 kernel: ACPI: Reserving WSMT table memory at [mem 0x98fdf000-0x98fdf027]
2025-11-25T13:00:34.907715+03:00 yusuf-ABRA-A5 kernel: ACPI: Reserving APIC table memory at [mem 0x98fd5000-0x98fd50bb]
2025-11-25T13:00:34.907716+03:00 yusuf-ABRA-A5 kernel: ACPI: Reserving FPDT table memory at [mem 0x98fd4000-0x98fd4043]
2025-11-25T13:00:34.907716+03:00 yusuf-ABRA-A5 kernel: No NUMA configuration found
2025-11-25T13:00:34.907717+03:00 yusuf-ABRA-A5 kernel: Faking a node at [mem 0x0000000000000000-0x000000045e7fffff]
2025-11-25T13:00:34.907717+03:00 yusuf-ABRA-A5 kernel: NODE_DATA(0) allocated [mem 0x45e7d5000-0x45e7fffff]
2025-11-25T13:00:34.907718+03:00 yusuf-ABRA-A5 kernel: Zone ranges:
2025-11-25T13:00:34.907721+03:00 yusuf-ABRA-A5 kernel:   DMA      [mem 0x0000000000001000-0x0000000000ffffff]
2025-11-25T13:00:34.907721+03:00 yusuf-ABRA-A5 kernel:   DMA32    [mem 0x0000000001000000-0x00000000ffffffff]
2025-11-25T13:00:34.907722+03:00 yusuf-ABRA-A5 kernel:   Normal   [mem 0x0000000100000000-0x000000045e7fffff]
2025-11-25T13:00:34.907723+03:00 yusuf-ABRA-A5 kernel:   Device   empty
2025-11-25T13:00:34.907723+03:00 yusuf-ABRA-A5 kernel: Movable zone start for each node
2025-11-25T13:00:34.907724+03:00 yusuf-ABRA-A5 kernel: Early memory node ranges
2025-11-25T13:00:34.907724+03:00 yusuf-ABRA-A5 kernel:   node   0: [mem 0x0000000000001000-0x000000000009dfff]
2025-11-25T13:00:34.907727+03:00 yusuf-ABRA-A5 kernel:   node   0: [mem 0x000000000009f000-0x000000000009ffff]
2025-11-25T13:00:34.907727+03:00 yusuf-ABRA-A5 kernel:   node   0: [mem 0x0000000000100000-0x00000000976c6fff]
2025-11-25T13:00:34.907728+03:00 yusuf-ABRA-A5 kernel:   node   0: [mem 0x0000000099c4e000-0x0000000099c4efff]
2025-11-25T13:00:34.907729+03:00 yusuf-ABRA-A5 kernel:   node   0: [mem 0x0000000100000000-0x000000045e7fffff]
2025-11-25T13:00:34.907729+03:00 yusuf-ABRA-A5 kernel: Initmem setup node 0 [mem 0x0000000000001000-0x000000045e7fffff]
2025-11-25T13:00:34.907730+03:00 yusuf-ABRA-A5 kernel: On node 0, zone DMA: 1 pages in unavailable ranges
2025-11-25T13:00:34.907732+03:00 yusuf-ABRA-A5 kernel: On node 0, zone DMA: 1 pages in unavailable ranges
2025-11-25T13:00:34.907734+03:00 yusuf-ABRA-A5 kernel: On node 0, zone DMA: 96 pages in unavailable ranges
2025-11-25T13:00:34.907735+03:00 yusuf-ABRA-A5 kernel: On node 0, zone DMA32: 9607 pages in unavailable ranges
2025-11-25T13:00:34.907735+03:00 yusuf-ABRA-A5 kernel: On node 0, zone Normal: 25521 pages in unavailable ranges
2025-11-25T13:00:34.907736+03:00 yusuf-ABRA-A5 kernel: On node 0, zone Normal: 6144 pages in unavailable ranges
2025-11-25T13:00:34.907737+03:00 yusuf-ABRA-A5 kernel: Reserving Intel graphics memory at [mem 0x9b800000-0x9f7fffff]
2025-11-25T13:00:34.907741+03:00 yusuf-ABRA-A5 kernel: ACPI: PM-Timer IO Port: 0x1808
2025-11-25T13:00:34.907741+03:00 yusuf-ABRA-A5 kernel: ACPI: LAPIC_NMI (acpi_id[0x01] high edge lint[0x1])
2025-11-25T13:00:34.907742+03:00 yusuf-ABRA-A5 kernel: ACPI: LAPIC_NMI (acpi_id[0x02] high edge lint[0x1])
2025-11-25T13:00:34.907743+03:00 yusuf-ABRA-A5 kernel: ACPI: LAPIC_NMI (acpi_id[0x03] high edge lint[0x1])
2025-11-25T13:00:34.907743+03:00 yusuf-ABRA-A5 kernel: ACPI: LAPIC_NMI (acpi_id[0x04] high edge lint[0x1])
2025-11-25T13:00:34.907744+03:00 yusuf-ABRA-A5 kernel: ACPI: LAPIC_NMI (acpi_id[0x05] high edge lint[0x1])
2025-11-25T13:00:34.907745+03:00 yusuf-ABRA-A5 kernel: ACPI: LAPIC_NMI (acpi_id[0x06] high edge lint[0x1])
2025-11-25T13:00:34.907747+03:00 yusuf-ABRA-A5 kernel: ACPI: LAPIC_NMI (acpi_id[0x07] high edge lint[0x1])
2025-11-25T13:00:34.907748+03:00 yusuf-ABRA-A5 kernel: ACPI: LAPIC_NMI (acpi_id[0x08] high edge lint[0x1])
2025-11-25T13:00:34.907748+03:00 yusuf-ABRA-A5 kernel: IOAPIC[0]: apic_id 2, version 32, address 0xfec00000, GSI 0-119
2025-11-25T13:00:34.907749+03:00 yusuf-ABRA-A5 kernel: ACPI: INT_SRC_OVR (bus 0 bus_irq 0 global_irq 2 dfl dfl)
2025-11-25T13:00:34.907750+03:00 yusuf-ABRA-A5 kernel: ACPI: INT_SRC_OVR (bus 0 bus_irq 9 global_irq 9 high level)
2025-11-25T13:00:34.907750+03:00 yusuf-ABRA-A5 kernel: ACPI: Using ACPI (MADT) for SMP configuration information
2025-11-25T13:00:34.907752+03:00 yusuf-ABRA-A5 kernel: ACPI: HPET id: 0x8086a201 base: 0xfed00000
2025-11-25T13:00:34.907753+03:00 yusuf-ABRA-A5 kernel: e820: update [mem 0x8ef43000-0x8efbefff] usable ==> reserved
2025-11-25T13:00:34.907753+03:00 yusuf-ABRA-A5 kernel: TSC deadline timer available
2025-11-25T13:00:34.907754+03:00 yusuf-ABRA-A5 kernel: smpboot: Allowing 8 CPUs, 0 hotplug CPUs
2025-11-25T13:00:34.907755+03:00 yusuf-ABRA-A5 kernel: PM: hibernation: Registered nosave memory: [mem 0x00000000-0x00000fff]
2025-11-25T13:00:34.907755+03:00 yusuf-ABRA-A5 kernel: PM: hibernation: Registered nosave memory: [mem 0x0009e000-0x0009efff]
2025-11-25T13:00:34.907756+03:00 yusuf-ABRA-A5 kernel: PM: hibernation: Registered nosave memory: [mem 0x000a0000-0x000fffff]
2025-11-25T13:00:34.907758+03:00 yusuf-ABRA-A5 kernel: PM: hibernation: Registered nosave memory: [mem 0x8e748000-0x8e748fff]
2025-11-25T13:00:34.907759+03:00 yusuf-ABRA-A5 kernel: PM: hibernation: Registered nosave memory: [mem 0x8e757000-0x8e757fff]
2025-11-25T13:00:34.907759+03:00 yusuf-ABRA-A5 kernel: PM: hibernation: Registered nosave memory: [mem 0x8ef43000-0x8efbefff]
2025-11-25T13:00:34.907760+03:00 yusuf-ABRA-A5 kernel: PM: hibernation: Registered nosave memory: [mem 0x90e0f000-0x90e0ffff]
2025-11-25T13:00:34.907760+03:00 yusuf-ABRA-A5 kernel: PM: hibernation: Registered nosave memory: [mem 0x976c7000-0x98f06fff]
2025-11-25T13:00:34.907761+03:00 yusuf-ABRA-A5 kernel: PM: hibernation: Registered nosave memory: [mem 0x98f07000-0x99036fff]
2025-11-25T13:00:34.907763+03:00 yusuf-ABRA-A5 kernel: PM: hibernation: Registered nosave memory: [mem 0x99037000-0x991b7fff]
2025-11-25T13:00:34.907764+03:00 yusuf-ABRA-A5 kernel: PM: hibernation: Registered nosave memory: [mem 0x991b8000-0x99c4dfff]
2025-11-25T13:00:34.907764+03:00 yusuf-ABRA-A5 kernel: PM: hibernation: Registered nosave memory: [mem 0x99c4f000-0x9f7fffff]
2025-11-25T13:00:34.907765+03:00 yusuf-ABRA-A5 kernel: PM: hibernation: Registered nosave memory: [mem 0x9f800000-0xfdffffff]
2025-11-25T13:00:34.907765+03:00 yusuf-ABRA-A5 kernel: PM: hibernation: Registered nosave memory: [mem 0xfe000000-0xfe010fff]
2025-11-25T13:00:34.907766+03:00 yusuf-ABRA-A5 kernel: PM: hibernation: Registered nosave memory: [mem 0xfe011000-0xfebfffff]
2025-11-25T13:00:34.907768+03:00 yusuf-ABRA-A5 kernel: PM: hibernation: Registered nosave memory: [mem 0xfec00000-0xfec00fff]
2025-11-25T13:00:34.907769+03:00 yusuf-ABRA-A5 kernel: PM: hibernation: Registered nosave memory: [mem 0xfec01000-0xfecfffff]
2025-11-25T13:00:34.907769+03:00 yusuf-ABRA-A5 kernel: PM: hibernation: Registered nosave memory: [mem 0xfed00000-0xfed03fff]
2025-11-25T13:00:34.907770+03:00 yusuf-ABRA-A5 kernel: PM: hibernation: Registered nosave memory: [mem 0xfed04000-0xfedfffff]
2025-11-25T13:00:34.907770+03:00 yusuf-ABRA-A5 kernel: PM: hibernation: Registered nosave memory: [mem 0xfee00000-0xfee00fff]
2025-11-25T13:00:34.907771+03:00 yusuf-ABRA-A5 kernel: PM: hibernation: Registered nosave memory: [mem 0xfee01000-0xffffffff]
2025-11-25T13:00:34.907772+03:00 yusuf-ABRA-A5 kernel: [mem 0x9f800000-0xfdffffff] available for PCI devices
2025-11-25T13:00:34.907774+03:00 yusuf-ABRA-A5 kernel: Booting paravirtualized kernel on bare hardware
2025-11-25T13:00:34.907774+03:00 yusuf-ABRA-A5 kernel: clocksource: refined-jiffies: mask: 0xffffffff max_cycles: 0xffffffff, max_idle_ns: 1910969940391419 ns
2025-11-25T13:00:34.907775+03:00 yusuf-ABRA-A5 kernel: setup_percpu: NR_CPUS:8192 nr_cpumask_bits:8 nr_cpu_ids:8 nr_node_ids:1
2025-11-25T13:00:34.907776+03:00 yusuf-ABRA-A5 kernel: percpu: Embedded 86 pages/cpu s229376 r8192 d114688 u524288
2025-11-25T13:00:34.907776+03:00 yusuf-ABRA-A5 kernel: pcpu-alloc: s229376 r8192 d114688 u524288 alloc=1*2097152
2025-11-25T13:00:34.907777+03:00 yusuf-ABRA-A5 kernel: pcpu-alloc: [0] 0 1 2 3 [0] 4 5 6 7 
2025-11-25T13:00:34.907855+03:00 yusuf-ABRA-A5 kernel: Kernel command line: BOOT_IMAGE=/boot/vmlinuz-6.8.0-87-generic root=UUID=3f2c5fdc-44aa-4787-8a88-0285c2edfc24 ro quiet splash vt.handoff=7
2025-11-25T13:00:34.907857+03:00 yusuf-ABRA-A5 kernel: Unknown kernel command line parameters "splash BOOT_IMAGE=/boot/vmlinuz-6.8.0-87-generic", will be passed to user space.
2025-11-25T13:00:34.907857+03:00 yusuf-ABRA-A5 kernel: Dentry cache hash table entries: 2097152 (order: 12, 16777216 bytes, linear)
2025-11-25T13:00:34.907858+03:00 yusuf-ABRA-A5 kernel: Inode-cache hash table entries: 1048576 (order: 11, 8388608 bytes, linear)
2025-11-25T13:00:34.907858+03:00 yusuf-ABRA-A5 kernel: Fallback order for Node 0: 0 
2025-11-25T13:00:34.907859+03:00 yusuf-ABRA-A5 kernel: Built 1 zonelists, mobility grouping on.  Total pages: 4087884
2025-11-25T13:00:34.907865+03:00 yusuf-ABRA-A5 kernel: Policy zone: Normal
2025-11-25T13:00:34.907866+03:00 yusuf-ABRA-A5 kernel: mem auto-init: stack:all(zero), heap alloc:on, heap free:off
2025-11-25T13:00:34.907867+03:00 yusuf-ABRA-A5 kernel: software IO TLB: area num 8.
2025-11-25T13:00:34.907875+03:00 yusuf-ABRA-A5 kernel: Memory: 15894260K/16611736K available (22528K kernel code, 4441K rwdata, 14384K rodata, 4912K init, 4796K bss, 717216K reserved, 0K cma-reserved)
2025-11-25T13:00:34.907876+03:00 yusuf-ABRA-A5 kernel: SLUB: HWalign=64, Order=0-3, MinObjects=0, CPUs=8, Nodes=1
2025-11-25T13:00:34.907877+03:00 yusuf-ABRA-A5 kernel: ftrace: allocating 58192 entries in 228 pages
2025-11-25T13:00:34.907881+03:00 yusuf-ABRA-A5 kernel: ftrace: allocated 228 pages with 4 groups
2025-11-25T13:00:34.907882+03:00 yusuf-ABRA-A5 kernel: Dynamic Preempt: voluntary
2025-11-25T13:00:34.907883+03:00 yusuf-ABRA-A5 kernel: rcu: Preemptible hierarchical RCU implementation.
2025-11-25T13:00:34.907883+03:00 yusuf-ABRA-A5 kernel: rcu: 	RCU restricting CPUs from NR_CPUS=8192 to nr_cpu_ids=8.
2025-11-25T13:00:34.907884+03:00 yusuf-ABRA-A5 kernel: 	Trampoline variant of Tasks RCU enabled.
2025-11-25T13:00:34.907884+03:00 yusuf-ABRA-A5 kernel: 	Rude variant of Tasks RCU enabled.
2025-11-25T13:00:34.907885+03:00 yusuf-ABRA-A5 kernel: 	Tracing variant of Tasks RCU enabled.
2025-11-25T13:00:34.907889+03:00 yusuf-ABRA-A5 kernel: rcu: RCU calculated value of scheduler-enlistment delay is 100 jiffies.
2025-11-25T13:00:34.907890+03:00 yusuf-ABRA-A5 kernel: rcu: Adjusting geometry for rcu_fanout_leaf=16, nr_cpu_ids=8
2025-11-25T13:00:34.907890+03:00 yusuf-ABRA-A5 kernel: RCU Tasks: Setting shift to 3 and lim to 1 rcu_task_cb_adjust=1 rcu_task_cpu_ids=8.
2025-11-25T13:00:34.907891+03:00 yusuf-ABRA-A5 kernel: RCU Tasks Rude: Setting shift to 3 and lim to 1 rcu_task_cb_adjust=1 rcu_task_cpu_ids=8.
2025-11-25T13:00:34.907892+03:00 yusuf-ABRA-A5 kernel: RCU Tasks Trace: Setting shift to 3 and lim to 1 rcu_task_cb_adjust=1 rcu_task_cpu_ids=8.
2025-11-25T13:00:34.907892+03:00 yusuf-ABRA-A5 kernel: NR_IRQS: 524544, nr_irqs: 2048, preallocated irqs: 16
2025-11-25T13:00:34.907896+03:00 yusuf-ABRA-A5 kernel: rcu: srcu_init: Setting srcu_struct sizes based on contention.
2025-11-25T13:00:34.907897+03:00 yusuf-ABRA-A5 kernel: Console: colour dummy device 80x25
2025-11-25T13:00:34.907897+03:00 yusuf-ABRA-A5 kernel: printk: legacy console [tty0] enabled
2025-11-25T13:00:34.907898+03:00 yusuf-ABRA-A5 kernel: ACPI: Core revision 20230628
2025-11-25T13:00:34.907899+03:00 yusuf-ABRA-A5 kernel: hpet: HPET dysfunctional in PC10. Force disabled.
2025-11-25T13:00:34.907899+03:00 yusuf-ABRA-A5 kernel: APIC: Switch to symmetric I/O mode setup
2025-11-25T13:00:34.907903+03:00 yusuf-ABRA-A5 kernel: DMAR: Host address width 39
2025-11-25T13:00:34.907904+03:00 yusuf-ABRA-A5 kernel: DMAR: DRHD base: 0x000000fed90000 flags: 0x0
2025-11-25T13:00:34.907904+03:00 yusuf-ABRA-A5 kernel: DMAR: dmar0: reg_base_addr fed90000 ver 1:0 cap 1c0000c40660462 ecap 19e2ff0505e
2025-11-25T13:00:34.907905+03:00 yusuf-ABRA-A5 kernel: DMAR: DRHD base: 0x000000fed91000 flags: 0x1
2025-11-25T13:00:34.907906+03:00 yusuf-ABRA-A5 kernel: DMAR: dmar1: reg_base_addr fed91000 ver 1:0 cap d2008c40660462 ecap f050da
2025-11-25T13:00:34.907906+03:00 yusuf-ABRA-A5 kernel: DMAR: RMRR base: 0x00000099419000 end: 0x00000099662fff
2025-11-25T13:00:34.907907+03:00 yusuf-ABRA-A5 kernel: DMAR: RMRR base: 0x0000009b000000 end: 0x0000009f7fffff
2025-11-25T13:00:34.907910+03:00 yusuf-ABRA-A5 kernel: DMAR-IR: IOAPIC id 2 under DRHD base  0xfed91000 IOMMU 1
2025-11-25T13:00:34.907911+03:00 yusuf-ABRA-A5 kernel: DMAR-IR: HPET id 0 under DRHD base 0xfed91000
2025-11-25T13:00:34.907912+03:00 yusuf-ABRA-A5 kernel: DMAR-IR: Queued invalidation will be enabled to support x2apic and Intr-remapping.
2025-11-25T13:00:34.907912+03:00 yusuf-ABRA-A5 kernel: DMAR-IR: Enabled IRQ remapping in x2apic mode
2025-11-25T13:00:34.907913+03:00 yusuf-ABRA-A5 kernel: x2apic enabled
2025-11-25T13:00:34.907913+03:00 yusuf-ABRA-A5 kernel: APIC: Switched APIC routing to: cluster x2apic
2025-11-25T13:00:34.907917+03:00 yusuf-ABRA-A5 kernel: clocksource: tsc-early: mask: 0xffffffffffffffff max_cycles: 0x24090c9bc00, max_idle_ns: 440795288559 ns
2025-11-25T13:00:34.907918+03:00 yusuf-ABRA-A5 kernel: Calibrating delay loop (skipped), value calculated using timer frequency.. 4999.90 BogoMIPS (lpj=2499952)
2025-11-25T13:00:34.907919+03:00 yusuf-ABRA-A5 kernel: x86/cpu: SGX disabled by BIOS.
2025-11-25T13:00:34.907919+03:00 yusuf-ABRA-A5 kernel: CPU0: Thermal monitoring enabled (TM1)
2025-11-25T13:00:34.907920+03:00 yusuf-ABRA-A5 kernel: process: using mwait in idle threads
2025-11-25T13:00:34.907921+03:00 yusuf-ABRA-A5 kernel: Last level iTLB entries: 4KB 64, 2MB 8, 4MB 8
2025-11-25T13:00:34.907926+03:00 yusuf-ABRA-A5 kernel: Last level dTLB entries: 4KB 64, 2MB 32, 4MB 32, 1GB 4
2025-11-25T13:00:34.907927+03:00 yusuf-ABRA-A5 kernel: Spectre V1 : Mitigation: usercopy/swapgs barriers and __user pointer sanitization
2025-11-25T13:00:34.907928+03:00 yusuf-ABRA-A5 kernel: Spectre V2 : Spectre BHI mitigation: SW BHB clearing on vm exit
2025-11-25T13:00:34.907929+03:00 yusuf-ABRA-A5 kernel: Spectre V2 : Spectre BHI mitigation: SW BHB clearing on syscall
2025-11-25T13:00:34.907929+03:00 yusuf-ABRA-A5 kernel: Spectre V2 : Mitigation: Enhanced / Automatic IBRS
2025-11-25T13:00:34.907930+03:00 yusuf-ABRA-A5 kernel: Spectre V2 : Spectre v2 / SpectreRSB mitigation: Filling RSB on context switch
2025-11-25T13:00:34.907931+03:00 yusuf-ABRA-A5 kernel: Spectre V2 : Spectre v2 / PBRSB-eIBRS: Retire a single CALL on VMEXIT
2025-11-25T13:00:34.907934+03:00 yusuf-ABRA-A5 kernel: RETBleed: Mitigation: Enhanced IBRS
2025-11-25T13:00:34.907935+03:00 yusuf-ABRA-A5 kernel: Spectre V2 : mitigation: Enabling conditional Indirect Branch Prediction Barrier
2025-11-25T13:00:34.907936+03:00 yusuf-ABRA-A5 kernel: Speculative Store Bypass: Mitigation: Speculative Store Bypass disabled via prctl
2025-11-25T13:00:34.907936+03:00 yusuf-ABRA-A5 kernel: MMIO Stale Data: Mitigation: Clear CPU buffers
2025-11-25T13:00:34.907937+03:00 yusuf-ABRA-A5 kernel: SRBDS: Mitigation: Microcode
2025-11-25T13:00:34.907937+03:00 yusuf-ABRA-A5 kernel: GDS: Mitigation: Microcode
2025-11-25T13:00:34.907941+03:00 yusuf-ABRA-A5 kernel: VMSCAPE: Mitigation: IBPB before exit to userspace
2025-11-25T13:00:34.907942+03:00 yusuf-ABRA-A5 kernel: x86/fpu: Supporting XSAVE feature 0x001: 'x87 floating point registers'
2025-11-25T13:00:34.907942+03:00 yusuf-ABRA-A5 kernel: x86/fpu: Supporting XSAVE feature 0x002: 'SSE registers'
2025-11-25T13:00:34.907943+03:00 yusuf-ABRA-A5 kernel: x86/fpu: Supporting XSAVE feature 0x004: 'AVX registers'
2025-11-25T13:00:34.907944+03:00 yusuf-ABRA-A5 kernel: x86/fpu: Supporting XSAVE feature 0x008: 'MPX bounds registers'
2025-11-25T13:00:34.907944+03:00 yusuf-ABRA-A5 kernel: x86/fpu: Supporting XSAVE feature 0x010: 'MPX CSR'
2025-11-25T13:00:34.907948+03:00 yusuf-ABRA-A5 kernel: x86/fpu: Supporting XSAVE feature 0x200: 'Protection Keys User registers'
2025-11-25T13:00:34.907949+03:00 yusuf-ABRA-A5 kernel: x86/fpu: xstate_offset[2]:  576, xstate_sizes[2]:  256
2025-11-25T13:00:34.907949+03:00 yusuf-ABRA-A5 kernel: x86/fpu: xstate_offset[3]:  832, xstate_sizes[3]:   64
2025-11-25T13:00:34.907950+03:00 yusuf-ABRA-A5 kernel: x86/fpu: xstate_offset[4]:  896, xstate_sizes[4]:   64
2025-11-25T13:00:34.907950+03:00 yusuf-ABRA-A5 kernel: x86/fpu: xstate_offset[9]:  960, xstate_sizes[9]:    8
2025-11-25T13:00:34.907951+03:00 yusuf-ABRA-A5 kernel: x86/fpu: Enabled xstate features 0x21f, context size is 968 bytes, using 'compacted' format.
2025-11-25T13:00:34.907952+03:00 yusuf-ABRA-A5 kernel: Freeing SMP alternatives memory: 48K
2025-11-25T13:00:34.907955+03:00 yusuf-ABRA-A5 kernel: pid_max: default: 32768 minimum: 301
2025-11-25T13:00:34.907956+03:00 yusuf-ABRA-A5 kernel: LSM: initializing lsm=lockdown,capability,landlock,yama,apparmor,integrity
2025-11-25T13:00:34.907957+03:00 yusuf-ABRA-A5 kernel: landlock: Up and running.
2025-11-25T13:00:34.907957+03:00 yusuf-ABRA-A5 kernel: Yama: becoming mindful.
2025-11-25T13:00:34.907958+03:00 yusuf-ABRA-A5 kernel: AppArmor: AppArmor initialized
2025-11-25T13:00:34.907958+03:00 yusuf-ABRA-A5 kernel: Mount-cache hash table entries: 32768 (order: 6, 262144 bytes, linear)
2025-11-25T13:00:34.907962+03:00 yusuf-ABRA-A5 kernel: Mountpoint-cache hash table entries: 32768 (order: 6, 262144 bytes, linear)
2025-11-25T13:00:34.907963+03:00 yusuf-ABRA-A5 kernel: smpboot: CPU0: Intel(R) Core(TM) i5-10300H CPU @ 2.50GHz (family: 0x6, model: 0xa5, stepping: 0x2)
2025-11-25T13:00:34.907963+03:00 yusuf-ABRA-A5 kernel: Performance Events: PEBS fmt3+, Skylake events, 32-deep LBR, full-width counters, Intel PMU driver.
2025-11-25T13:00:34.907964+03:00 yusuf-ABRA-A5 kernel: ... version:                4
2025-11-25T13:00:34.907965+03:00 yusuf-ABRA-A5 kernel: ... bit width:              48
2025-11-25T13:00:34.907965+03:00 yusuf-ABRA-A5 kernel: ... generic registers:      4
2025-11-25T13:00:34.907966+03:00 yusuf-ABRA-A5 kernel: ... value mask:             0000ffffffffffff
2025-11-25T13:00:34.907970+03:00 yusuf-ABRA-A5 kernel: ... max period:             00007fffffffffff
2025-11-25T13:00:34.907970+03:00 yusuf-ABRA-A5 kernel: ... fixed-purpose events:   3
2025-11-25T13:00:34.907971+03:00 yusuf-ABRA-A5 kernel: ... event mask:             000000070000000f
2025-11-25T13:00:34.907972+03:00 yusuf-ABRA-A5 kernel: signal: max sigframe size: 3632
2025-11-25T13:00:34.907972+03:00 yusuf-ABRA-A5 kernel: Estimated ratio of average max frequency by base frequency (times 1024): 1720
2025-11-25T13:00:34.907973+03:00 yusuf-ABRA-A5 kernel: rcu: Hierarchical SRCU implementation.
2025-11-25T13:00:34.907977+03:00 yusuf-ABRA-A5 kernel: rcu: 	Max phase no-delay instances is 400.
2025-11-25T13:00:34.907977+03:00 yusuf-ABRA-A5 kernel: NMI watchdog: Enabled. Permanently consumes one hw-PMU counter.
2025-11-25T13:00:34.907978+03:00 yusuf-ABRA-A5 kernel: smp: Bringing up secondary CPUs ...
2025-11-25T13:00:34.907979+03:00 yusuf-ABRA-A5 kernel: smpboot: x86: Booting SMP configuration:
2025-11-25T13:00:34.907979+03:00 yusuf-ABRA-A5 kernel: .... node  #0, CPUs:      #1 #2 #3 #4 #5 #6 #7
2025-11-25T13:00:34.907980+03:00 yusuf-ABRA-A5 kernel: MMIO Stale Data CPU bug present and SMT on, data leak possible. See https://www.kernel.org/doc/html/latest/admin-guide/hw-vuln/processor_mmio_stale_data.html for more details.
2025-11-25T13:00:34.907984+03:00 yusuf-ABRA-A5 kernel: smp: Brought up 1 node, 8 CPUs
2025-11-25T13:00:34.907984+03:00 yusuf-ABRA-A5 kernel: smpboot: Max logical packages: 1
2025-11-25T13:00:34.907985+03:00 yusuf-ABRA-A5 kernel: smpboot: Total of 8 processors activated (39999.23 BogoMIPS)
2025-11-25T13:00:34.907986+03:00 yusuf-ABRA-A5 kernel: devtmpfs: initialized
2025-11-25T13:00:34.907986+03:00 yusuf-ABRA-A5 kernel: x86/mm: Memory block size: 128MB
2025-11-25T13:00:34.907987+03:00 yusuf-ABRA-A5 kernel: ACPI: PM: Registering ACPI NVS region [mem 0x99037000-0x991b7fff] (1576960 bytes)
2025-11-25T13:00:34.908062+03:00 yusuf-ABRA-A5 kernel: clocksource: jiffies: mask: 0xffffffff max_cycles: 0xffffffff, max_idle_ns: 1911260446275000 ns
2025-11-25T13:00:34.908063+03:00 yusuf-ABRA-A5 kernel: futex hash table entries: 2048 (order: 5, 131072 bytes, linear)
2025-11-25T13:00:34.908064+03:00 yusuf-ABRA-A5 kernel: pinctrl core: initialized pinctrl subsystem
2025-11-25T13:00:34.908065+03:00 yusuf-ABRA-A5 kernel: PM: RTC time: 10:00:28, date: 2025-11-25
2025-11-25T13:00:34.908065+03:00 yusuf-ABRA-A5 kernel: NET: Registered PF_NETLINK/PF_ROUTE protocol family
2025-11-25T13:00:34.908066+03:00 yusuf-ABRA-A5 kernel: DMA: preallocated 2048 KiB GFP_KERNEL pool for atomic allocations
2025-11-25T13:00:34.908066+03:00 yusuf-ABRA-A5 kernel: DMA: preallocated 2048 KiB GFP_KERNEL|GFP_DMA pool for atomic allocations
2025-11-25T13:00:34.908070+03:00 yusuf-ABRA-A5 kernel: DMA: preallocated 2048 KiB GFP_KERNEL|GFP_DMA32 pool for atomic allocations
2025-11-25T13:00:34.908071+03:00 yusuf-ABRA-A5 kernel: audit: initializing netlink subsys (disabled)
2025-11-25T13:00:34.908071+03:00 yusuf-ABRA-A5 kernel: audit: type=2000 audit(1764064828.013:1): state=initialized audit_enabled=0 res=1
2025-11-25T13:00:34.908072+03:00 yusuf-ABRA-A5 kernel: thermal_sys: Registered thermal governor 'fair_share'
2025-11-25T13:00:34.908073+03:00 yusuf-ABRA-A5 kernel: thermal_sys: Registered thermal governor 'bang_bang'
2025-11-25T13:00:34.908073+03:00 yusuf-ABRA-A5 kernel: thermal_sys: Registered thermal governor 'step_wise'
2025-11-25T13:00:34.908077+03:00 yusuf-ABRA-A5 kernel: thermal_sys: Registered thermal governor 'user_space'
2025-11-25T13:00:34.908078+03:00 yusuf-ABRA-A5 kernel: thermal_sys: Registered thermal governor 'power_allocator'
2025-11-25T13:00:34.908078+03:00 yusuf-ABRA-A5 kernel: cpuidle: using governor ladder
2025-11-25T13:00:34.908079+03:00 yusuf-ABRA-A5 kernel: cpuidle: using governor menu
2025-11-25T13:00:34.908079+03:00 yusuf-ABRA-A5 kernel: ACPI FADT declares the system doesn't support PCIe ASPM, so disable it
2025-11-25T13:00:34.908080+03:00 yusuf-ABRA-A5 kernel: acpiphp: ACPI Hot Plug PCI Controller Driver version: 0.5
2025-11-25T13:00:34.908081+03:00 yusuf-ABRA-A5 kernel: PCI: ECAM [mem 0xe0000000-0xefffffff] (base 0xe0000000) for domain 0000 [bus 00-ff]
2025-11-25T13:00:34.908084+03:00 yusuf-ABRA-A5 kernel: PCI: Using configuration type 1 for base access
2025-11-25T13:00:34.908085+03:00 yusuf-ABRA-A5 kernel: kprobes: kprobe jump-optimization is enabled. All kprobes are optimized if possible.
2025-11-25T13:00:34.908086+03:00 yusuf-ABRA-A5 kernel: HugeTLB: registered 1.00 GiB page size, pre-allocated 0 pages
2025-11-25T13:00:34.908087+03:00 yusuf-ABRA-A5 kernel: HugeTLB: 16380 KiB vmemmap can be freed for a 1.00 GiB page
2025-11-25T13:00:34.908087+03:00 yusuf-ABRA-A5 kernel: HugeTLB: registered 2.00 MiB page size, pre-allocated 0 pages
2025-11-25T13:00:34.908088+03:00 yusuf-ABRA-A5 kernel: HugeTLB: 28 KiB vmemmap can be freed for a 2.00 MiB page
2025-11-25T13:00:34.908092+03:00 yusuf-ABRA-A5 kernel: ACPI: Added _OSI(Module Device)
2025-11-25T13:00:34.908092+03:00 yusuf-ABRA-A5 kernel: ACPI: Added _OSI(Processor Device)
2025-11-25T13:00:34.908093+03:00 yusuf-ABRA-A5 kernel: ACPI: Added _OSI(3.0 _SCP Extensions)
2025-11-25T13:00:34.908094+03:00 yusuf-ABRA-A5 kernel: ACPI: Added _OSI(Processor Aggregator Device)
2025-11-25T13:00:34.908094+03:00 yusuf-ABRA-A5 kernel: ACPI BIOS Error (bug): AE_AML_BUFFER_LIMIT, Field [SAC1] at bit offset/length 64/64 exceeds size of target Buffer (64 bits) (20230628/dsopcode-198)
2025-11-25T13:00:34.908095+03:00 yusuf-ABRA-A5 kernel: ACPI: 9 ACPI AML tables successfully acquired and loaded
2025-11-25T13:00:34.908099+03:00 yusuf-ABRA-A5 kernel: ACPI Error: AE_TYPE, Opcode is not deferred [SAC1] (BufferField) (20230628/nsinit-411)
2025-11-25T13:00:34.908100+03:00 yusuf-ABRA-A5 kernel: ACPI Error: AE_TYPE, Could not execute arguments for [SAC1] (BufferField) (20230628/nsinit-419)
2025-11-25T13:00:34.908100+03:00 yusuf-ABRA-A5 kernel: ACPI: Dynamic OEM Table Load:
2025-11-25T13:00:34.908101+03:00 yusuf-ABRA-A5 kernel: ACPI: SSDT 0xFFFF88F282136400 000400 (v02 PmRef  Cpu0Cst  00003001 INTL 20160527)
2025-11-25T13:00:34.908101+03:00 yusuf-ABRA-A5 kernel: ACPI Error: AE_TYPE, Opcode is not deferred [SAC1] (BufferField) (20230628/nsinit-411)
2025-11-25T13:00:34.908102+03:00 yusuf-ABRA-A5 kernel: ACPI Error: AE_TYPE, Could not execute arguments for [SAC1] (BufferField) (20230628/nsinit-419)
2025-11-25T13:00:34.908103+03:00 yusuf-ABRA-A5 kernel: ACPI: Dynamic OEM Table Load:
2025-11-25T13:00:34.908109+03:00 yusuf-ABRA-A5 kernel: ACPI: SSDT 0xFFFF88F281B86000 000560 (v02 PmRef  Cpu0Ist  00003000 INTL 20160527)
2025-11-25T13:00:34.908110+03:00 yusuf-ABRA-A5 kernel: ACPI Error: AE_TYPE, Opcode is not deferred [SAC1] (BufferField) (20230628/nsinit-411)
2025-11-25T13:00:34.908110+03:00 yusuf-ABRA-A5 kernel: ACPI Error: AE_TYPE, Could not execute arguments for [SAC1] (BufferField) (20230628/nsinit-419)
2025-11-25T13:00:34.908111+03:00 yusuf-ABRA-A5 kernel: ACPI: Dynamic OEM Table Load:
2025-11-25T13:00:34.908112+03:00 yusuf-ABRA-A5 kernel: ACPI: SSDT 0xFFFF88F28105D700 0000FC (v02 PmRef  Cpu0Psd  00003000 INTL 20160527)
2025-11-25T13:00:34.908112+03:00 yusuf-ABRA-A5 kernel: ACPI Error: AE_TYPE, Opcode is not deferred [SAC1] (BufferField) (20230628/nsinit-411)
2025-11-25T13:00:34.908116+03:00 yusuf-ABRA-A5 kernel: ACPI Error: AE_TYPE, Could not execute arguments for [SAC1] (BufferField) (20230628/nsinit-419)
2025-11-25T13:00:34.908117+03:00 yusuf-ABRA-A5 kernel: ACPI: Dynamic OEM Table Load:
2025-11-25T13:00:34.908118+03:00 yusuf-ABRA-A5 kernel: ACPI: SSDT 0xFFFF88F281B1FC00 000137 (v02 PmRef  Cpu0Hwp  00003000 INTL 20160527)
2025-11-25T13:00:34.908118+03:00 yusuf-ABRA-A5 kernel: ACPI Error: AE_TYPE, Opcode is not deferred [SAC1] (BufferField) (20230628/nsinit-411)
2025-11-25T13:00:34.908119+03:00 yusuf-ABRA-A5 kernel: ACPI Error: AE_TYPE, Could not execute arguments for [SAC1] (BufferField) (20230628/nsinit-419)
2025-11-25T13:00:34.908120+03:00 yusuf-ABRA-A5 kernel: ACPI: Dynamic OEM Table Load:
2025-11-25T13:00:34.908123+03:00 yusuf-ABRA-A5 kernel: ACPI: SSDT 0xFFFF88F28213B000 000BEA (v02 PmRef  HwpLvt   00003000 INTL 20160527)
2025-11-25T13:00:34.908124+03:00 yusuf-ABRA-A5 kernel: ACPI Error: AE_TYPE, Opcode is not deferred [SAC1] (BufferField) (20230628/nsinit-411)
2025-11-25T13:00:34.908125+03:00 yusuf-ABRA-A5 kernel: ACPI Error: AE_TYPE, Could not execute arguments for [SAC1] (BufferField) (20230628/nsinit-419)
2025-11-25T13:00:34.908126+03:00 yusuf-ABRA-A5 kernel: ACPI: Dynamic OEM Table Load:
2025-11-25T13:00:34.908126+03:00 yusuf-ABRA-A5 kernel: ACPI: SSDT 0xFFFF88F281B85000 000778 (v02 PmRef  ApIst    00003000 INTL 20160527)
2025-11-25T13:00:34.908127+03:00 yusuf-ABRA-A5 kernel: ACPI Error: AE_TYPE, Opcode is not deferred [SAC1] (BufferField) (20230628/nsinit-411)
2025-11-25T13:00:34.908127+03:00 yusuf-ABRA-A5 kernel: ACPI Error: AE_TYPE, Could not execute arguments for [SAC1] (BufferField) (20230628/nsinit-419)
2025-11-25T13:00:34.908131+03:00 yusuf-ABRA-A5 kernel: ACPI: Dynamic OEM Table Load:
2025-11-25T13:00:34.908132+03:00 yusuf-ABRA-A5 kernel: ACPI: SSDT 0xFFFF88F282130800 0003D7 (v02 PmRef  ApHwp    00003000 INTL 20160527)
2025-11-25T13:00:34.908132+03:00 yusuf-ABRA-A5 kernel: ACPI Error: AE_TYPE, Opcode is not deferred [SAC1] (BufferField) (20230628/nsinit-411)
2025-11-25T13:00:34.908133+03:00 yusuf-ABRA-A5 kernel: ACPI Error: AE_TYPE, Could not execute arguments for [SAC1] (BufferField) (20230628/nsinit-419)
2025-11-25T13:00:34.908134+03:00 yusuf-ABRA-A5 kernel: ACPI: Dynamic OEM Table Load:
2025-11-25T13:00:34.908134+03:00 yusuf-ABRA-A5 kernel: ACPI: SSDT 0xFFFF88F28213F000 000D22 (v02 PmRef  ApPsd    00003000 INTL 20160527)
2025-11-25T13:00:34.908138+03:00 yusuf-ABRA-A5 kernel: ACPI Error: AE_TYPE, Opcode is not deferred [SAC1] (BufferField) (20230628/nsinit-411)
2025-11-25T13:00:34.908139+03:00 yusuf-ABRA-A5 kernel: ACPI Error: AE_TYPE, Could not execute arguments for [SAC1] (BufferField) (20230628/nsinit-419)
2025-11-25T13:00:34.908139+03:00 yusuf-ABRA-A5 kernel: ACPI: Dynamic OEM Table Load:
2025-11-25T13:00:34.908140+03:00 yusuf-ABRA-A5 kernel: ACPI: SSDT 0xFFFF88F282135000 0003CA (v02 PmRef  ApCst    00003000 INTL 20160527)
2025-11-25T13:00:34.908141+03:00 yusuf-ABRA-A5 kernel: ACPI Error: AE_TYPE, Opcode is not deferred [SAC1] (BufferField) (20230628/nsinit-411)
2025-11-25T13:00:34.908141+03:00 yusuf-ABRA-A5 kernel: ACPI Error: AE_TYPE, Could not execute arguments for [SAC1] (BufferField) (20230628/nsinit-419)
2025-11-25T13:00:34.908142+03:00 yusuf-ABRA-A5 kernel: ACPI: _OSC evaluated successfully for all CPUs
2025-11-25T13:00:34.908145+03:00 yusuf-ABRA-A5 kernel: ACPI: EC: EC started
2025-11-25T13:00:34.908146+03:00 yusuf-ABRA-A5 kernel: ACPI: EC: interrupt blocked
2025-11-25T13:00:34.908147+03:00 yusuf-ABRA-A5 kernel: ACPI: EC: EC_CMD/EC_SC=0x66, EC_DATA=0x62
2025-11-25T13:00:34.908147+03:00 yusuf-ABRA-A5 kernel: ACPI: \_SB_.PCI0.LPCB.EC0_: Boot DSDT EC used to handle transactions
2025-11-25T13:00:34.908148+03:00 yusuf-ABRA-A5 kernel: ACPI: Interpreter enabled
2025-11-25T13:00:34.908149+03:00 yusuf-ABRA-A5 kernel: ACPI: PM: (supports S0 S3 S4 S5)
2025-11-25T13:00:34.908152+03:00 yusuf-ABRA-A5 kernel: ACPI: Using IOAPIC for interrupt routing
2025-11-25T13:00:34.908153+03:00 yusuf-ABRA-A5 kernel: PCI: Using host bridge windows from ACPI; if necessary, use "pci=nocrs" and report a bug
2025-11-25T13:00:34.908154+03:00 yusuf-ABRA-A5 kernel: PCI: Using E820 reservations for host bridge windows
2025-11-25T13:00:34.908154+03:00 yusuf-ABRA-A5 kernel: ACPI: Enabled 7 GPEs in block 00 to 7F
2025-11-25T13:00:34.908155+03:00 yusuf-ABRA-A5 kernel: ACPI: \_SB_.PCI0.PEG0.PG00: New power resource
2025-11-25T13:00:34.908156+03:00 yusuf-ABRA-A5 kernel: ACPI: \_SB_.PCI0.XDCI.USBC: New power resource
2025-11-25T13:00:34.908159+03:00 yusuf-ABRA-A5 kernel: ACPI: \_SB_.PCI0.SAT0.VOL0.V0PR: New power resource
2025-11-25T13:00:34.908160+03:00 yusuf-ABRA-A5 kernel: ACPI: \_SB_.PCI0.SAT0.VOL1.V1PR: New power resource
2025-11-25T13:00:34.908160+03:00 yusuf-ABRA-A5 kernel: ACPI: \_SB_.PCI0.SAT0.VOL2.V2PR: New power resource
2025-11-25T13:00:34.908161+03:00 yusuf-ABRA-A5 kernel: ACPI: \_SB_.PCI0.CNVW.WRST: New power resource
2025-11-25T13:00:34.908162+03:00 yusuf-ABRA-A5 kernel: ACPI: \PIN_: New power resource
2025-11-25T13:00:34.908162+03:00 yusuf-ABRA-A5 kernel: ACPI: PCI Root Bridge [PCI0] (domain 0000 [bus 00-fe])
2025-11-25T13:00:34.908163+03:00 yusuf-ABRA-A5 kernel: acpi PNP0A08:00: _OSC: OS supports [ExtendedConfig ASPM ClockPM Segments MSI EDR HPX-Type3]
2025-11-25T13:00:34.908166+03:00 yusuf-ABRA-A5 kernel: acpi PNP0A08:00: _OSC: OS now controls [PCIeHotplug SHPCHotplug PME AER PCIeCapability LTR DPC]
2025-11-25T13:00:34.908167+03:00 yusuf-ABRA-A5 kernel: acpi PNP0A08:00: FADT indicates ASPM is unsupported, using BIOS configuration
2025-11-25T13:00:34.908168+03:00 yusuf-ABRA-A5 kernel: PCI host bridge to bus 0000:00
2025-11-25T13:00:34.908169+03:00 yusuf-ABRA-A5 kernel: pci_bus 0000:00: root bus resource [io  0x0000-0x0cf7 window]
2025-11-25T13:00:34.908169+03:00 yusuf-ABRA-A5 kernel: pci_bus 0000:00: root bus resource [io  0x0d00-0xffff window]
2025-11-25T13:00:34.908170+03:00 yusuf-ABRA-A5 kernel: pci_bus 0000:00: root bus resource [mem 0x000a0000-0x000bffff window]
2025-11-25T13:00:34.908173+03:00 yusuf-ABRA-A5 kernel: pci_bus 0000:00: root bus resource [mem 0x000e0000-0x000fffff window]
2025-11-25T13:00:34.908174+03:00 yusuf-ABRA-A5 kernel: pci_bus 0000:00: root bus resource [mem 0x9f800000-0xdfffffff window]
2025-11-25T13:00:34.908248+03:00 yusuf-ABRA-A5 kernel: pci_bus 0000:00: root bus resource [mem 0xfc800000-0xfe7fffff window]
2025-11-25T13:00:34.908249+03:00 yusuf-ABRA-A5 kernel: pci_bus 0000:00: root bus resource [bus 00-fe]
2025-11-25T13:00:34.908250+03:00 yusuf-ABRA-A5 kernel: pci 0000:00:00.0: [8086:9b64] type 00 class 0x060000 conventional PCI endpoint
2025-11-25T13:00:34.908250+03:00 yusuf-ABRA-A5 kernel: pci 0000:00:01.0: [8086:1901] type 01 class 0x060400 PCIe Root Port
2025-11-25T13:00:34.908251+03:00 yusuf-ABRA-A5 kernel: pci 0000:00:01.0: PCI bridge to [bus 01]
2025-11-25T13:00:34.908257+03:00 yusuf-ABRA-A5 kernel: pci 0000:00:01.0:   bridge window [io  0x6000-0x6fff]
2025-11-25T13:00:34.908258+03:00 yusuf-ABRA-A5 kernel: pci 0000:00:01.0:   bridge window [mem 0xc5000000-0xc60fffff]
2025-11-25T13:00:34.908258+03:00 yusuf-ABRA-A5 kernel: pci 0000:00:01.0:   bridge window [mem 0xb0000000-0xc1ffffff 64bit pref]
2025-11-25T13:00:34.908259+03:00 yusuf-ABRA-A5 kernel: pci 0000:00:01.0: PME# supported from D0 D3hot D3cold
2025-11-25T13:00:34.908260+03:00 yusuf-ABRA-A5 kernel: pci 0000:00:02.0: [8086:9bc4] type 00 class 0x030000 PCIe Root Complex Integrated Endpoint
2025-11-25T13:00:34.908260+03:00 yusuf-ABRA-A5 kernel: pci 0000:00:02.0: BAR 0 [mem 0xc4000000-0xc4ffffff 64bit]
2025-11-25T13:00:34.908264+03:00 yusuf-ABRA-A5 kernel: pci 0000:00:02.0: BAR 2 [mem 0xa0000000-0xafffffff 64bit pref]
2025-11-25T13:00:34.908265+03:00 yusuf-ABRA-A5 kernel: pci 0000:00:02.0: BAR 4 [io  0x7000-0x703f]
2025-11-25T13:00:34.908265+03:00 yusuf-ABRA-A5 kernel: pci 0000:00:02.0: DMAR: Disabling IOMMU for graphics on this chipset
2025-11-25T13:00:34.908266+03:00 yusuf-ABRA-A5 kernel: pci 0000:00:02.0: Video device with shadowed ROM at [mem 0x000c0000-0x000dffff]
2025-11-25T13:00:34.908267+03:00 yusuf-ABRA-A5 kernel: pci 0000:00:08.0: [8086:1911] type 00 class 0x088000 conventional PCI endpoint
2025-11-25T13:00:34.908267+03:00 yusuf-ABRA-A5 kernel: pci 0000:00:08.0: BAR 0 [mem 0xc7724000-0xc7724fff 64bit]
2025-11-25T13:00:34.908271+03:00 yusuf-ABRA-A5 kernel: pci 0000:00:12.0: [8086:06f9] type 00 class 0x118000 conventional PCI endpoint
2025-11-25T13:00:34.908272+03:00 yusuf-ABRA-A5 kernel: pci 0000:00:12.0: BAR 0 [mem 0xc7723000-0xc7723fff 64bit]
2025-11-25T13:00:34.908272+03:00 yusuf-ABRA-A5 kernel: pci 0000:00:14.0: [8086:06ed] type 00 class 0x0c0330 conventional PCI endpoint
2025-11-25T13:00:34.908273+03:00 yusuf-ABRA-A5 kernel: pci 0000:00:14.0: BAR 0 [mem 0xc7700000-0xc770ffff 64bit]
2025-11-25T13:00:34.908274+03:00 yusuf-ABRA-A5 kernel: pci 0000:00:14.0: PME# supported from D3hot D3cold
2025-11-25T13:00:34.908274+03:00 yusuf-ABRA-A5 kernel: pci 0000:00:14.2: [8086:06ef] type 00 class 0x050000 conventional PCI endpoint
2025-11-25T13:00:34.908275+03:00 yusuf-ABRA-A5 kernel: pci 0000:00:14.2: BAR 0 [mem 0xc771a000-0xc771bfff 64bit]
2025-11-25T13:00:34.908279+03:00 yusuf-ABRA-A5 kernel: pci 0000:00:14.2: BAR 2 [mem 0xc7722000-0xc7722fff 64bit]
2025-11-25T13:00:34.908280+03:00 yusuf-ABRA-A5 kernel: pci 0000:00:14.3: [8086:06f0] type 00 class 0x028000 PCIe Root Complex Integrated Endpoint
2025-11-25T13:00:34.908280+03:00 yusuf-ABRA-A5 kernel: pci 0000:00:14.3: BAR 0 [mem 0xc7714000-0xc7717fff 64bit]
2025-11-25T13:00:34.908281+03:00 yusuf-ABRA-A5 kernel: pci 0000:00:14.3: PME# supported from D0 D3hot D3cold
2025-11-25T13:00:34.908282+03:00 yusuf-ABRA-A5 kernel: pci 0000:00:15.0: [8086:06e8] type 00 class 0x0c8000 conventional PCI endpoint
2025-11-25T13:00:34.908282+03:00 yusuf-ABRA-A5 kernel: pci 0000:00:15.0: BAR 0 [mem 0x00000000-0x00000fff 64bit]
2025-11-25T13:00:34.908286+03:00 yusuf-ABRA-A5 kernel: pci 0000:00:16.0: [8086:06e0] type 00 class 0x078000 conventional PCI endpoint
2025-11-25T13:00:34.908287+03:00 yusuf-ABRA-A5 kernel: pci 0000:00:16.0: BAR 0 [mem 0xc7720000-0xc7720fff 64bit]
2025-11-25T13:00:34.908287+03:00 yusuf-ABRA-A5 kernel: pci 0000:00:16.0: PME# supported from D3hot
2025-11-25T13:00:34.908288+03:00 yusuf-ABRA-A5 kernel: pci 0000:00:17.0: [8086:06d3] type 00 class 0x010601 conventional PCI endpoint
2025-11-25T13:00:34.908289+03:00 yusuf-ABRA-A5 kernel: pci 0000:00:17.0: BAR 0 [mem 0xc7718000-0xc7719fff]
2025-11-25T13:00:34.908290+03:00 yusuf-ABRA-A5 kernel: pci 0000:00:17.0: BAR 1 [mem 0xc771f000-0xc771f0ff]
2025-11-25T13:00:34.908290+03:00 yusuf-ABRA-A5 kernel: pci 0000:00:17.0: BAR 2 [io  0x7090-0x7097]
2025-11-25T13:00:34.908296+03:00 yusuf-ABRA-A5 kernel: pci 0000:00:17.0: BAR 3 [io  0x7080-0x7083]
2025-11-25T13:00:34.908297+03:00 yusuf-ABRA-A5 kernel: pci 0000:00:17.0: BAR 4 [io  0x7060-0x707f]
2025-11-25T13:00:34.908298+03:00 yusuf-ABRA-A5 kernel: pci 0000:00:17.0: BAR 5 [mem 0xc771e000-0xc771e7ff]
2025-11-25T13:00:34.908298+03:00 yusuf-ABRA-A5 kernel: pci 0000:00:17.0: PME# supported from D3hot
2025-11-25T13:00:34.908299+03:00 yusuf-ABRA-A5 kernel: pci 0000:00:1b.0: [8086:06ac] type 01 class 0x060400 PCIe Root Port
2025-11-25T13:00:34.908300+03:00 yusuf-ABRA-A5 kernel: pci 0000:00:1b.0: PCI bridge to [bus 02]
2025-11-25T13:00:34.908304+03:00 yusuf-ABRA-A5 kernel: pci 0000:00:1b.0:   bridge window [io  0x5000-0x5fff]
2025-11-25T13:00:34.908304+03:00 yusuf-ABRA-A5 kernel: pci 0000:00:1b.0:   bridge window [mem 0xc6c00000-0xc75fffff]
2025-11-25T13:00:34.908305+03:00 yusuf-ABRA-A5 kernel: pci 0000:00:1b.0:   bridge window [mem 0xc2b00000-0xc34fffff 64bit pref]
2025-11-25T13:00:34.908306+03:00 yusuf-ABRA-A5 kernel: pci 0000:00:1b.0: PME# supported from D0 D3hot D3cold
2025-11-25T13:00:34.908306+03:00 yusuf-ABRA-A5 kernel: pci 0000:00:1b.0: PTM enabled (root), 4ns granularity
2025-11-25T13:00:34.908307+03:00 yusuf-ABRA-A5 kernel: pci 0000:00:1d.0: [8086:06b0] type 01 class 0x060400 PCIe Root Port
2025-11-25T13:00:34.908311+03:00 yusuf-ABRA-A5 kernel: pci 0000:00:1d.0: PCI bridge to [bus 03]
2025-11-25T13:00:34.908312+03:00 yusuf-ABRA-A5 kernel: pci 0000:00:1d.0:   bridge window [io  0x4000-0x4fff]
2025-11-25T13:00:34.908312+03:00 yusuf-ABRA-A5 kernel: pci 0000:00:1d.0:   bridge window [mem 0xc6200000-0xc6bfffff]
2025-11-25T13:00:34.908313+03:00 yusuf-ABRA-A5 kernel: pci 0000:00:1d.0:   bridge window [mem 0xc2100000-0xc2afffff 64bit pref]
2025-11-25T13:00:34.908314+03:00 yusuf-ABRA-A5 kernel: pci 0000:00:1d.0: PME# supported from D0 D3hot D3cold
2025-11-25T13:00:34.908314+03:00 yusuf-ABRA-A5 kernel: pci 0000:00:1d.0: PTM enabled (root), 4ns granularity
2025-11-25T13:00:34.908315+03:00 yusuf-ABRA-A5 kernel: pci 0000:00:1d.5: [8086:06b5] type 01 class 0x060400 PCIe Root Port
2025-11-25T13:00:34.908319+03:00 yusuf-ABRA-A5 kernel: pci 0000:00:1d.5: PCI bridge to [bus 04]
2025-11-25T13:00:34.908320+03:00 yusuf-ABRA-A5 kernel: pci 0000:00:1d.5:   bridge window [io  0x3000-0x3fff]
2025-11-25T13:00:34.908320+03:00 yusuf-ABRA-A5 kernel: pci 0000:00:1d.5:   bridge window [mem 0xc7600000-0xc76fffff]
2025-11-25T13:00:34.908321+03:00 yusuf-ABRA-A5 kernel: pci 0000:00:1d.5: PME# supported from D0 D3hot D3cold
2025-11-25T13:00:34.908322+03:00 yusuf-ABRA-A5 kernel: pci 0000:00:1d.5: PTM enabled (root), 4ns granularity
2025-11-25T13:00:34.908322+03:00 yusuf-ABRA-A5 kernel: pci 0000:00:1e.0: [8086:06a8] type 00 class 0x078000 conventional PCI endpoint
2025-11-25T13:00:34.908326+03:00 yusuf-ABRA-A5 kernel: pci 0000:00:1e.0: BAR 0 [mem 0x00000000-0x00000fff 64bit]
2025-11-25T13:00:34.908329+03:00 yusuf-ABRA-A5 kernel: pci 0000:00:1f.0: [8086:068d] type 00 class 0x060100 conventional PCI endpoint
2025-11-25T13:00:34.908330+03:00 yusuf-ABRA-A5 kernel: pci 0000:00:1f.3: [8086:06c8] type 00 class 0x040300 conventional PCI endpoint
2025-11-25T13:00:34.908330+03:00 yusuf-ABRA-A5 kernel: pci 0000:00:1f.3: BAR 0 [mem 0xc7710000-0xc7713fff 64bit]
2025-11-25T13:00:34.908331+03:00 yusuf-ABRA-A5 kernel: pci 0000:00:1f.3: BAR 4 [mem 0xc6100000-0xc61fffff 64bit]
2025-11-25T13:00:34.908332+03:00 yusuf-ABRA-A5 kernel: pci 0000:00:1f.3: PME# supported from D3hot D3cold
2025-11-25T13:00:34.908332+03:00 yusuf-ABRA-A5 kernel: pci 0000:00:1f.4: [8086:06a3] type 00 class 0x0c0500 conventional PCI endpoint
2025-11-25T13:00:34.908336+03:00 yusuf-ABRA-A5 kernel: pci 0000:00:1f.4: BAR 0 [mem 0xc771c000-0xc771c0ff 64bit]
2025-11-25T13:00:34.908337+03:00 yusuf-ABRA-A5 kernel: pci 0000:00:1f.4: BAR 4 [io  0xefa0-0xefbf]
2025-11-25T13:00:34.908338+03:00 yusuf-ABRA-A5 kernel: pci 0000:00:1f.5: [8086:06a4] type 00 class 0x0c8000 conventional PCI endpoint
2025-11-25T13:00:34.908338+03:00 yusuf-ABRA-A5 kernel: pci 0000:00:1f.5: BAR 0 [mem 0xfe010000-0xfe010fff]
2025-11-25T13:00:34.908339+03:00 yusuf-ABRA-A5 kernel: pci 0000:01:00.0: [10de:1f99] type 00 class 0x030000 PCIe Legacy Endpoint
2025-11-25T13:00:34.908340+03:00 yusuf-ABRA-A5 kernel: pci 0000:01:00.0: BAR 0 [mem 0xc5000000-0xc5ffffff]
2025-11-25T13:00:34.908343+03:00 yusuf-ABRA-A5 kernel: pci 0000:01:00.0: BAR 1 [mem 0xb0000000-0xbfffffff 64bit pref]
2025-11-25T13:00:34.908344+03:00 yusuf-ABRA-A5 kernel: pci 0000:01:00.0: BAR 3 [mem 0xc0000000-0xc1ffffff 64bit pref]
2025-11-25T13:00:34.908345+03:00 yusuf-ABRA-A5 kernel: pci 0000:01:00.0: BAR 5 [io  0x6000-0x607f]
2025-11-25T13:00:34.908345+03:00 yusuf-ABRA-A5 kernel: pci 0000:01:00.0: ROM [mem 0xc6000000-0xc607ffff pref]
2025-11-25T13:00:34.908346+03:00 yusuf-ABRA-A5 kernel: pci 0000:01:00.0: PME# supported from D0 D3hot D3cold
2025-11-25T13:00:34.908347+03:00 yusuf-ABRA-A5 kernel: pci 0000:01:00.1: [10de:10fa] type 00 class 0x040300 PCIe Endpoint
2025-11-25T13:00:34.908350+03:00 yusuf-ABRA-A5 kernel: pci 0000:01:00.1: BAR 0 [mem 0xc6080000-0xc6083fff]
2025-11-25T13:00:34.908351+03:00 yusuf-ABRA-A5 kernel: pci 0000:00:01.0: PCI bridge to [bus 01]
2025-11-25T13:00:34.908352+03:00 yusuf-ABRA-A5 kernel: pci 0000:00:1b.0: PCI bridge to [bus 02]
2025-11-25T13:00:34.908353+03:00 yusuf-ABRA-A5 kernel: pci 0000:03:00.0: [144d:a808] type 00 class 0x010802 PCIe Endpoint
2025-11-25T13:00:34.908353+03:00 yusuf-ABRA-A5 kernel: pci 0000:03:00.0: BAR 0 [mem 0xc6200000-0xc6203fff 64bit]
2025-11-25T13:00:34.908354+03:00 yusuf-ABRA-A5 kernel: pci 0000:00:1d.0: PCI bridge to [bus 03]
2025-11-25T13:00:34.908355+03:00 yusuf-ABRA-A5 kernel: pci 0000:04:00.0: [10ec:8168] type 00 class 0x020000 PCIe Endpoint
2025-11-25T13:00:34.908358+03:00 yusuf-ABRA-A5 kernel: pci 0000:04:00.0: BAR 0 [io  0x3000-0x30ff]
2025-11-25T13:00:34.908359+03:00 yusuf-ABRA-A5 kernel: pci 0000:04:00.0: BAR 2 [mem 0xc7604000-0xc7604fff 64bit]
2025-11-25T13:00:34.908360+03:00 yusuf-ABRA-A5 kernel: pci 0000:04:00.0: BAR 4 [mem 0xc7600000-0xc7603fff 64bit]
2025-11-25T13:00:34.908361+03:00 yusuf-ABRA-A5 kernel: pci 0000:04:00.0: supports D1 D2
2025-11-25T13:00:34.908361+03:00 yusuf-ABRA-A5 kernel: pci 0000:04:00.0: PME# supported from D0 D1 D2 D3hot D3cold
2025-11-25T13:00:34.908362+03:00 yusuf-ABRA-A5 kernel: pci 0000:00:1d.5: PCI bridge to [bus 04]
2025-11-25T13:00:34.908365+03:00 yusuf-ABRA-A5 kernel: ACPI: PCI: Interrupt link LNKA configured for IRQ 0
2025-11-25T13:00:34.908366+03:00 yusuf-ABRA-A5 kernel: ACPI: PCI: Interrupt link LNKB configured for IRQ 1
2025-11-25T13:00:34.908367+03:00 yusuf-ABRA-A5 kernel: ACPI: PCI: Interrupt link LNKC configured for IRQ 0
2025-11-25T13:00:34.908368+03:00 yusuf-ABRA-A5 kernel: ACPI: PCI: Interrupt link LNKD configured for IRQ 0
2025-11-25T13:00:34.908368+03:00 yusuf-ABRA-A5 kernel: ACPI: PCI: Interrupt link LNKE configured for IRQ 0
2025-11-25T13:00:34.908369+03:00 yusuf-ABRA-A5 kernel: ACPI: PCI: Interrupt link LNKF configured for IRQ 0
2025-11-25T13:00:34.908370+03:00 yusuf-ABRA-A5 kernel: ACPI: PCI: Interrupt link LNKG configured for IRQ 0
2025-11-25T13:00:34.908373+03:00 yusuf-ABRA-A5 kernel: ACPI: PCI: Interrupt link LNKH configured for IRQ 0
2025-11-25T13:00:34.908374+03:00 yusuf-ABRA-A5 kernel: ACPI: EC: interrupt unblocked
2025-11-25T13:00:34.908375+03:00 yusuf-ABRA-A5 kernel: ACPI: EC: event unblocked
2025-11-25T13:00:34.908376+03:00 yusuf-ABRA-A5 kernel: ACPI: EC: EC_CMD/EC_SC=0x66, EC_DATA=0x62
2025-11-25T13:00:34.908376+03:00 yusuf-ABRA-A5 kernel: ACPI: EC: GPE=0x6e
2025-11-25T13:00:34.908460+03:00 yusuf-ABRA-A5 kernel: ACPI: \_SB_.PCI0.LPCB.EC0_: Boot DSDT EC initialization complete
2025-11-25T13:00:34.908464+03:00 yusuf-ABRA-A5 kernel: ACPI: \_SB_.PCI0.LPCB.EC0_: EC: Used to handle transactions and events
2025-11-25T13:00:34.908465+03:00 yusuf-ABRA-A5 kernel: iommu: Default domain type: Translated
2025-11-25T13:00:34.908465+03:00 yusuf-ABRA-A5 kernel: iommu: DMA domain TLB invalidation policy: lazy mode
2025-11-25T13:00:34.908466+03:00 yusuf-ABRA-A5 kernel: SCSI subsystem initialized
2025-11-25T13:00:34.908467+03:00 yusuf-ABRA-A5 kernel: libata version 3.00 loaded.
2025-11-25T13:00:34.908468+03:00 yusuf-ABRA-A5 kernel: ACPI: bus type USB registered
2025-11-25T13:00:34.908471+03:00 yusuf-ABRA-A5 kernel: usbcore: registered new interface driver usbfs
2025-11-25T13:00:34.908472+03:00 yusuf-ABRA-A5 kernel: usbcore: registered new interface driver hub
2025-11-25T13:00:34.908473+03:00 yusuf-ABRA-A5 kernel: usbcore: registered new device driver usb
2025-11-25T13:00:34.908473+03:00 yusuf-ABRA-A5 kernel: pps_core: LinuxPPS API ver. 1 registered
2025-11-25T13:00:34.908474+03:00 yusuf-ABRA-A5 kernel: pps_core: Software ver. 5.3.6 - Copyright 2005-2007 Rodolfo Giometti <giometti@linux.it>
2025-11-25T13:00:34.908475+03:00 yusuf-ABRA-A5 kernel: PTP clock support registered
2025-11-25T13:00:34.908475+03:00 yusuf-ABRA-A5 kernel: EDAC MC: Ver: 3.0.0
2025-11-25T13:00:34.908479+03:00 yusuf-ABRA-A5 kernel: efivars: Registered efivars operations
2025-11-25T13:00:34.908480+03:00 yusuf-ABRA-A5 kernel: NetLabel: Initializing
2025-11-25T13:00:34.908481+03:00 yusuf-ABRA-A5 kernel: NetLabel:  domain hash size = 128
2025-11-25T13:00:34.908481+03:00 yusuf-ABRA-A5 kernel: NetLabel:  protocols = UNLABELED CIPSOv4 CALIPSO
2025-11-25T13:00:34.908482+03:00 yusuf-ABRA-A5 kernel: NetLabel:  unlabeled traffic allowed by default
2025-11-25T13:00:34.908482+03:00 yusuf-ABRA-A5 kernel: mctp: management component transport protocol core
2025-11-25T13:00:34.908488+03:00 yusuf-ABRA-A5 kernel: NET: Registered PF_MCTP protocol family
2025-11-25T13:00:34.908489+03:00 yusuf-ABRA-A5 kernel: PCI: Using ACPI for IRQ routing
2025-11-25T13:00:34.908490+03:00 yusuf-ABRA-A5 kernel: PCI: pci_cache_line_size set to 64 bytes
2025-11-25T13:00:34.908490+03:00 yusuf-ABRA-A5 kernel: e820: reserve RAM buffer [mem 0x0009e000-0x0009ffff]
2025-11-25T13:00:34.908491+03:00 yusuf-ABRA-A5 kernel: e820: reserve RAM buffer [mem 0x8e748018-0x8fffffff]
2025-11-25T13:00:34.908492+03:00 yusuf-ABRA-A5 kernel: e820: reserve RAM buffer [mem 0x8ef43000-0x8fffffff]
2025-11-25T13:00:34.908493+03:00 yusuf-ABRA-A5 kernel: e820: reserve RAM buffer [mem 0x90e0f000-0x93ffffff]
2025-11-25T13:00:34.908497+03:00 yusuf-ABRA-A5 kernel: e820: reserve RAM buffer [mem 0x976c7000-0x97ffffff]
2025-11-25T13:00:34.908498+03:00 yusuf-ABRA-A5 kernel: e820: reserve RAM buffer [mem 0x99c4f000-0x9bffffff]
2025-11-25T13:00:34.908498+03:00 yusuf-ABRA-A5 kernel: e820: reserve RAM buffer [mem 0x45e800000-0x45fffffff]
2025-11-25T13:00:34.908499+03:00 yusuf-ABRA-A5 kernel: pci 0000:00:02.0: vgaarb: setting as boot VGA device
2025-11-25T13:00:34.908500+03:00 yusuf-ABRA-A5 kernel: pci 0000:00:02.0: vgaarb: bridge control possible
2025-11-25T13:00:34.908500+03:00 yusuf-ABRA-A5 kernel: pci 0000:00:02.0: vgaarb: VGA device added: decodes=io+mem,owns=io+mem,locks=none
2025-11-25T13:00:34.908504+03:00 yusuf-ABRA-A5 kernel: pci 0000:01:00.0: vgaarb: bridge control possible
2025-11-25T13:00:34.908505+03:00 yusuf-ABRA-A5 kernel: pci 0000:01:00.0: vgaarb: VGA device added: decodes=io+mem,owns=none,locks=none
2025-11-25T13:00:34.908505+03:00 yusuf-ABRA-A5 kernel: vgaarb: loaded
2025-11-25T13:00:34.908506+03:00 yusuf-ABRA-A5 kernel: clocksource: Switched to clocksource tsc-early
2025-11-25T13:00:34.908507+03:00 yusuf-ABRA-A5 kernel: VFS: Disk quotas dquot_6.6.0
2025-11-25T13:00:34.908507+03:00 yusuf-ABRA-A5 kernel: VFS: Dquot-cache hash table entries: 512 (order 0, 4096 bytes)
2025-11-25T13:00:34.908511+03:00 yusuf-ABRA-A5 kernel: AppArmor: AppArmor Filesystem Enabled
2025-11-25T13:00:34.908512+03:00 yusuf-ABRA-A5 kernel: pnp: PnP ACPI init
2025-11-25T13:00:34.908513+03:00 yusuf-ABRA-A5 kernel: system 00:00: [mem 0x40000000-0x403fffff] could not be reserved
2025-11-25T13:00:34.908513+03:00 yusuf-ABRA-A5 kernel: system 00:02: [io  0x0680-0x069f] has been reserved
2025-11-25T13:00:34.908514+03:00 yusuf-ABRA-A5 kernel: system 00:02: [io  0x164e-0x164f] has been reserved
2025-11-25T13:00:34.908515+03:00 yusuf-ABRA-A5 kernel: system 00:03: [io  0x1854-0x1857] has been reserved
2025-11-25T13:00:34.908515+03:00 yusuf-ABRA-A5 kernel: system 00:04: [io  0x1800-0x18fe] could not be reserved
2025-11-25T13:00:34.908519+03:00 yusuf-ABRA-A5 kernel: system 00:04: [mem 0xfd000000-0xfd69ffff] has been reserved
2025-11-25T13:00:34.908520+03:00 yusuf-ABRA-A5 kernel: system 00:04: [mem 0xfd6c0000-0xfd6cffff] has been reserved
2025-11-25T13:00:34.908520+03:00 yusuf-ABRA-A5 kernel: system 00:04: [mem 0xfd6f0000-0xfdffffff] has been reserved
2025-11-25T13:00:34.908521+03:00 yusuf-ABRA-A5 kernel: system 00:04: [mem 0xfe000000-0xfe01ffff] could not be reserved
2025-11-25T13:00:34.908521+03:00 yusuf-ABRA-A5 kernel: system 00:04: [mem 0xfe200000-0xfe7fffff] has been reserved
2025-11-25T13:00:34.908522+03:00 yusuf-ABRA-A5 kernel: system 00:04: [mem 0xff000000-0xffffffff] has been reserved
2025-11-25T13:00:34.908526+03:00 yusuf-ABRA-A5 kernel: system 00:05: [io  0x2000-0x20fe] has been reserved
2025-11-25T13:00:34.908526+03:00 yusuf-ABRA-A5 kernel: system 00:06: [mem 0xfed10000-0xfed17fff] has been reserved
2025-11-25T13:00:34.908527+03:00 yusuf-ABRA-A5 kernel: system 00:06: [mem 0xfed18000-0xfed18fff] has been reserved
2025-11-25T13:00:34.908528+03:00 yusuf-ABRA-A5 kernel: system 00:06: [mem 0xfed19000-0xfed19fff] has been reserved
2025-11-25T13:00:34.908528+03:00 yusuf-ABRA-A5 kernel: system 00:06: [mem 0xe0000000-0xefffffff] has been reserved
2025-11-25T13:00:34.908529+03:00 yusuf-ABRA-A5 kernel: system 00:06: [mem 0xfed20000-0xfed3ffff] has been reserved
2025-11-25T13:00:34.908529+03:00 yusuf-ABRA-A5 kernel: system 00:06: [mem 0xfed90000-0xfed93fff] could not be reserved
2025-11-25T13:00:34.908533+03:00 yusuf-ABRA-A5 kernel: system 00:06: [mem 0xfed45000-0xfed8ffff] has been reserved
2025-11-25T13:00:34.908534+03:00 yusuf-ABRA-A5 kernel: system 00:06: [mem 0xfee00000-0xfeefffff] could not be reserved
2025-11-25T13:00:34.908534+03:00 yusuf-ABRA-A5 kernel: system 00:07: [mem 0xfe038000-0xfe038fff] has been reserved
2025-11-25T13:00:34.908535+03:00 yusuf-ABRA-A5 kernel: pnp: PnP ACPI: found 8 devices
2025-11-25T13:00:34.908536+03:00 yusuf-ABRA-A5 kernel: clocksource: acpi_pm: mask: 0xffffff max_cycles: 0xffffff, max_idle_ns: 2085701024 ns
2025-11-25T13:00:34.908536+03:00 yusuf-ABRA-A5 kernel: NET: Registered PF_INET protocol family
2025-11-25T13:00:34.908540+03:00 yusuf-ABRA-A5 kernel: IP idents hash table entries: 262144 (order: 9, 2097152 bytes, linear)
2025-11-25T13:00:34.908541+03:00 yusuf-ABRA-A5 kernel: tcp_listen_portaddr_hash hash table entries: 8192 (order: 5, 131072 bytes, linear)
2025-11-25T13:00:34.908542+03:00 yusuf-ABRA-A5 kernel: Table-perturb hash table entries: 65536 (order: 6, 262144 bytes, linear)
2025-11-25T13:00:34.908543+03:00 yusuf-ABRA-A5 kernel: TCP established hash table entries: 131072 (order: 8, 1048576 bytes, linear)
2025-11-25T13:00:34.908543+03:00 yusuf-ABRA-A5 kernel: TCP bind hash table entries: 65536 (order: 9, 2097152 bytes, linear)
2025-11-25T13:00:34.908544+03:00 yusuf-ABRA-A5 kernel: TCP: Hash tables configured (established 131072 bind 65536)
2025-11-25T13:00:34.908548+03:00 yusuf-ABRA-A5 kernel: MPTCP token hash table entries: 16384 (order: 6, 393216 bytes, linear)
2025-11-25T13:00:34.908549+03:00 yusuf-ABRA-A5 kernel: UDP hash table entries: 8192 (order: 6, 262144 bytes, linear)
2025-11-25T13:00:34.908550+03:00 yusuf-ABRA-A5 kernel: UDP-Lite hash table entries: 8192 (order: 6, 262144 bytes, linear)
2025-11-25T13:00:34.908550+03:00 yusuf-ABRA-A5 kernel: NET: Registered PF_UNIX/PF_LOCAL protocol family
2025-11-25T13:00:34.908551+03:00 yusuf-ABRA-A5 kernel: NET: Registered PF_XDP protocol family
2025-11-25T13:00:34.908552+03:00 yusuf-ABRA-A5 kernel: resource: avoiding allocation from e820 entry [mem 0x000a0000-0x000fffff]
2025-11-25T13:00:34.908552+03:00 yusuf-ABRA-A5 kernel: resource: avoiding allocation from e820 entry [mem 0x000a0000-0x000fffff]
2025-11-25T13:00:34.908558+03:00 yusuf-ABRA-A5 kernel: pci 0000:00:15.0: BAR 0 [mem 0x9f800000-0x9f800fff 64bit]: assigned
2025-11-25T13:00:34.908559+03:00 yusuf-ABRA-A5 kernel: resource: avoiding allocation from e820 entry [mem 0x000a0000-0x000fffff]
2025-11-25T13:00:34.908560+03:00 yusuf-ABRA-A5 kernel: resource: avoiding allocation from e820 entry [mem 0x000a0000-0x000fffff]
2025-11-25T13:00:34.908561+03:00 yusuf-ABRA-A5 kernel: pci 0000:00:1e.0: BAR 0 [mem 0x9f801000-0x9f801fff 64bit]: assigned
2025-11-25T13:00:34.908562+03:00 yusuf-ABRA-A5 kernel: pci 0000:00:01.0: PCI bridge to [bus 01]
2025-11-25T13:00:34.908562+03:00 yusuf-ABRA-A5 kernel: pci 0000:00:01.0:   bridge window [io  0x6000-0x6fff]
2025-11-25T13:00:34.908566+03:00 yusuf-ABRA-A5 kernel: pci 0000:00:01.0:   bridge window [mem 0xc5000000-0xc60fffff]
2025-11-25T13:00:34.908567+03:00 yusuf-ABRA-A5 kernel: pci 0000:00:01.0:   bridge window [mem 0xb0000000-0xc1ffffff 64bit pref]
2025-11-25T13:00:34.908568+03:00 yusuf-ABRA-A5 kernel: pci 0000:00:1b.0: PCI bridge to [bus 02]
